Component: ARM Compiler 5.06 update 6 (build 750) Tool: armlink [4d35ed]

==============================================================================

Section Cross References

    startup_stm32f10x_md.o(STACK) refers (Special) to heapauxi.o(.text) for __use_two_region_memory
    startup_stm32f10x_md.o(HEAP) refers (Special) to heapauxi.o(.text) for __use_two_region_memory
    startup_stm32f10x_md.o(RESET) refers (Special) to heapauxi.o(.text) for __use_two_region_memory
    startup_stm32f10x_md.o(RESET) refers to startup_stm32f10x_md.o(STACK) for __initial_sp
    startup_stm32f10x_md.o(RESET) refers to startup_stm32f10x_md.o(.text) for Reset_Handler
    startup_stm32f10x_md.o(.text) refers (Special) to heapauxi.o(.text) for __use_two_region_memory
    startup_stm32f10x_md.o(.text) refers to system_stm32f10x.o(i.SystemInit) for SystemInit
    startup_stm32f10x_md.o(.text) refers to __main.o(!!!main) for __main
    startup_stm32f10x_md.o(.text) refers to startup_stm32f10x_md.o(HEAP) for Heap_Mem
    startup_stm32f10x_md.o(.text) refers to startup_stm32f10x_md.o(STACK) for Stack_Mem
    system_stm32f10x.o(i.SetSysClock) refers to system_stm32f10x.o(i.SetSysClockTo72) for SetSysClockTo72
    system_stm32f10x.o(i.SystemCoreClockUpdate) refers to system_stm32f10x.o(.data) for SystemCoreClock
    system_stm32f10x.o(i.SystemInit) refers to system_stm32f10x.o(i.SetSysClock) for SetSysClock
    main.o(i.Encoder) refers to delay.o(i.delay_ms) for delay_ms
    main.o(i.Encoder) refers to hd44780.o(i.hd44780_clear) for hd44780_clear
    main.o(i.Encoder) refers to hd44780.o(i.hd44780_backlight_set) for hd44780_backlight_set
    main.o(i.Relay) refers to ds18b20.o(i.ds18b20_start_convert) for ds18b20_start_convert
    main.o(i.Relay) refers to delay.o(i.delay_ms) for delay_ms
    main.o(i.Relay) refers to ds18b20.o(i.ds18b20_get_temp) for ds18b20_get_temp
    main.o(i.Relay) refers to faddsub_clz.o(x$fpl$fsub) for __aeabi_fsub
    main.o(i.Relay) refers to hd44780.o(i.hd44780_goto_xy) for hd44780_goto_xy
    main.o(i.Relay) refers to f2d.o(x$fpl$f2d) for __aeabi_f2d
    main.o(i.Relay) refers to hd44780.o(i.hd44780_printf) for hd44780_printf
    main.o(i.Relay) refers to fleqf.o(x$fpl$fleqf) for __aeabi_cfcmple
    main.o(i.Relay) refers to stm32f10x_gpio.o(i.GPIO_WriteBit) for GPIO_WriteBit
    main.o(i.Relay) refers to frleqf.o(x$fpl$frleqf) for __aeabi_cfrcmple
    main.o(i.Relay) refers to main.o(.data) for TempKot
    main.o(i.iwdgInit) refers to stm32f10x_rcc.o(i.RCC_LSICmd) for RCC_LSICmd
    main.o(i.iwdgInit) refers to stm32f10x_rcc.o(i.RCC_GetFlagStatus) for RCC_GetFlagStatus
    main.o(i.iwdgInit) refers to stm32f10x_iwdg.o(i.IWDG_WriteAccessCmd) for IWDG_WriteAccessCmd
    main.o(i.iwdgInit) refers to stm32f10x_iwdg.o(i.IWDG_SetPrescaler) for IWDG_SetPrescaler
    main.o(i.iwdgInit) refers to stm32f10x_iwdg.o(i.IWDG_SetReload) for IWDG_SetReload
    main.o(i.iwdgInit) refers to stm32f10x_iwdg.o(i.IWDG_ReloadCounter) for IWDG_ReloadCounter
    main.o(i.iwdgInit) refers to stm32f10x_iwdg.o(i.IWDG_Enable) for IWDG_Enable
    main.o(i.main) refers to main.o(i.InitEncoder) for InitEncoder
    main.o(i.main) refers to pcf8574.o(i.pcf8574_bus_init) for pcf8574_bus_init
    main.o(i.main) refers to hd44780.o(i.hd44780_init) for hd44780_init
    main.o(i.main) refers to hd44780.o(i.hd44780_backlight_set) for hd44780_backlight_set
    main.o(i.main) refers to ds18b20.o(i.ds18b20_init) for ds18b20_init
    main.o(i.main) refers to hd44780.o(i.hd44780_goto_xy) for hd44780_goto_xy
    main.o(i.main) refers to hd44780.o(i.hd44780_printf) for hd44780_printf
    main.o(i.main) refers to stm32f10x_gpio.o(i.GPIO_WriteBit) for GPIO_WriteBit
    main.o(i.main) refers to gpio.o(i.gpio_PortClockStart) for gpio_PortClockStart
    main.o(i.main) refers to gpio.o(i.gpio_SetGPIOmode_Out) for gpio_SetGPIOmode_Out
    main.o(i.main) refers to delay.o(i.delay_ms) for delay_ms
    main.o(i.main) refers to main.o(i.iwdgInit) for iwdgInit
    main.o(i.main) refers to main.o(i.Encoder) for Encoder
    main.o(i.main) refers to main.o(i.Relay) for Relay
    main.o(i.main) refers to stm32f10x_iwdg.o(i.IWDG_ReloadCounter) for IWDG_ReloadCounter
    main.o(i.main) refers to main.o(.data) for count
    delay.o(i.delay_ms) refers to delay.o(i.delay_us) for delay_us
    gpio.o(i.gpio_PortClockStart) refers to stm32f10x_rcc.o(i.RCC_APB2PeriphClockCmd) for RCC_APB2PeriphClockCmd
    gpio.o(i.gpio_SetGPIOmode_In) refers to stm32f10x_gpio.o(i.GPIO_Init) for GPIO_Init
    gpio.o(i.gpio_SetGPIOmode_Out) refers to stm32f10x_gpio.o(i.GPIO_Init) for GPIO_Init
    i2cm.o(i.i2cm_ReadBuffAndStop) refers to stm32f10x_i2c.o(i.I2C_AcknowledgeConfig) for I2C_AcknowledgeConfig
    i2cm.o(i.i2cm_ReadBuffAndStop) refers to stm32f10x_i2c.o(i.I2C_CheckEvent) for I2C_CheckEvent
    i2cm.o(i.i2cm_ReadBuffAndStop) refers to stm32f10x_i2c.o(i.I2C_ReceiveData) for I2C_ReceiveData
[...]
    .text                                    0x08001386   Section        0  indicate_semi.o(.text)
    CL$$btod_d2e                             0x08001386   Section       62  btod.o(CL$$btod_d2e)
    CL$$btod_d2e_denorm_low                  0x080013c4   Section       70  btod.o(CL$$btod_d2e_denorm_low)
    CL$$btod_d2e_norm_op1                    0x0800140a   Section       96  btod.o(CL$$btod_d2e_norm_op1)
    CL$$btod_div_common                      0x0800146a   Section      824  btod.o(CL$$btod_div_common)
    CL$$btod_e2e                             0x080017a2   Section      220  btod.o(CL$$btod_e2e)
    CL$$btod_ediv                            0x0800187e   Section       42  btod.o(CL$$btod_ediv)
    CL$$btod_emul                            0x080018a8   Section       42  btod.o(CL$$btod_emul)
    CL$$btod_mult_common                     0x080018d2   Section      580  btod.o(CL$$btod_mult_common)
    i.DMA_Cmd                                0x08001b16   Section        0  stm32f10x_dma.o(i.DMA_Cmd)
    i.DMA_DeInit                             0x08001b2c   Section        0  stm32f10x_dma.o(i.DMA_DeInit)
    i.DMA_GetFlagStatus                      0x08001c70   Section        0  stm32f10x_dma.o(i.DMA_GetFlagStatus)
    i.DMA_Init                               0x08001c9c   Section        0  stm32f10x_dma.o(i.DMA_Init)
    i.Encoder                                0x08001cd8   Section        0  main.o(i.Encoder)
    i.GPIO_Init                              0x08001d14   Section        0  stm32f10x_gpio.o(i.GPIO_Init)
    i.GPIO_ReadInputDataBit                  0x08001e2a   Section        0  stm32f10x_gpio.o(i.GPIO_ReadInputDataBit)
    i.GPIO_WriteBit                          0x08001e3c   Section        0  stm32f10x_gpio.o(i.GPIO_WriteBit)
    i.I2C_AcknowledgeConfig                  0x08001e46   Section        0  stm32f10x_i2c.o(i.I2C_AcknowledgeConfig)
    i.I2C_CheckEvent                         0x08001e5e   Section        0  stm32f10x_i2c.o(i.I2C_CheckEvent)
    i.I2C_Cmd                                0x08001e88   Section        0  stm32f10x_i2c.o(i.I2C_Cmd)
    i.I2C_DeInit                             0x08001ea0   Section        0  stm32f10x_i2c.o(i.I2C_DeInit)
    i.I2C_GenerateSTART                      0x08001ed8   Section        0  stm32f10x_i2c.o(i.I2C_GenerateSTART)
    i.I2C_GenerateSTOP                       0x08001ef0   Section        0  stm32f10x_i2c.o(i.I2C_GenerateSTOP)
    i.I2C_GetFlagStatus                      0x08001f08   Section        0  stm32f10x_i2c.o(i.I2C_GetFlagStatus)
    i.I2C_Init                               0x08001f44   Section        0  stm32f10x_i2c.o(i.I2C_Init)
    i.I2C_ReceiveData                        0x08002030   Section        0  stm32f10x_i2c.o(i.I2C_ReceiveData)
    i.I2C_Send7bitAddress                    0x08002038   Section        0  stm32f10x_i2c.o(i.I2C_Send7bitAddress)
    i.I2C_SendData                           0x0800204a   Section        0  stm32f10x_i2c.o(i.I2C_SendData)
    i.IWDG_Enable                            0x08002050   Section        0  stm32f10x_iwdg.o(i.IWDG_Enable)
    i.IWDG_ReloadCounter                     0x08002060   Section        0  stm32f10x_iwdg.o(i.IWDG_ReloadCounter)
    i.IWDG_SetPrescaler                      0x08002070   Section        0  stm32f10x_iwdg.o(i.IWDG_SetPrescaler)
    i.IWDG_SetReload                         0x0800207c   Section        0  stm32f10x_iwdg.o(i.IWDG_SetReload)
    i.IWDG_WriteAccessCmd                    0x08002088   Section        0  stm32f10x_iwdg.o(i.IWDG_WriteAccessCmd)
    i.InitEncoder                            0x08002094   Section        0  main.o(i.InitEncoder)
    i.OW_Init                                0x08002188   Section        0  onewire.o(i.OW_Init)
    i.OW_ReadBit                             0x08002210   Section        0  onewire.o(i.OW_ReadBit)
    OW_ReadBit                               0x08002211   Thumb Code    32  onewire.o(i.OW_ReadBit)
    i.OW_Reset                               0x08002234   Section        0  onewire.o(i.OW_Reset)
    i.OW_Search                              0x080022bc   Section        0  onewire.o(i.OW_Search)
    i.OW_Send                                0x0800241c   Section        0  onewire.o(i.OW_Send)
    i.OW_SendBits                            0x08002548   Section        0  onewire.o(i.OW_SendBits)
    OW_SendBits                              0x08002549   Thumb Code   192  onewire.o(i.OW_SendBits)
    i.OW_toBits                              0x08002614   Section        0  onewire.o(i.OW_toBits)
    OW_toBits                                0x08002615   Thumb Code    34  onewire.o(i.OW_toBits)
    i.OW_toByte                              0x08002636   Section        0  onewire.o(i.OW_toByte)
    OW_toByte                                0x08002637   Thumb Code    32  onewire.o(i.OW_toByte)
    i.RCC_AHBPeriphClockCmd                  0x08002658   Section        0  stm32f10x_rcc.o(i.RCC_AHBPeriphClockCmd)
    i.RCC_APB1PeriphClockCmd                 0x08002678   Section        0  stm32f10x_rcc.o(i.RCC_APB1PeriphClockCmd)
    i.RCC_APB1PeriphResetCmd                 0x08002698   Section        0  stm32f10x_rcc.o(i.RCC_APB1PeriphResetCmd)
    i.RCC_APB2PeriphClockCmd                 0x080026b8   Section        0  stm32f10x_rcc.o(i.RCC_APB2PeriphClockCmd)
    i.RCC_GetClocksFreq                      0x080026d8   Section        0  stm32f10x_rcc.o(i.RCC_GetClocksFreq)
    i.RCC_GetFlagStatus                      0x080027ac   Section        0  stm32f10x_rcc.o(i.RCC_GetFlagStatus)
    i.RCC_LSICmd                             0x080027e8   Section        0  stm32f10x_rcc.o(i.RCC_LSICmd)
    i.Relay                                  0x080027f4   Section        0  main.o(i.Relay)
    i.SetSysClock                            0x080029a0   Section        0  system_stm32f10x.o(i.SetSysClock)
    SetSysClock                              0x080029a1   Thumb Code     8  system_stm32f10x.o(i.SetSysClock)
    i.SetSysClockTo72                        0x080029a8   Section        0  system_stm32f10x.o(i.SetSysClockTo72)
    SetSysClockTo72                          0x080029a9   Thumb Code   214  system_stm32f10x.o(i.SetSysClockTo72)
    i.SystemInit                             0x08002a88   Section        0  system_stm32f10x.o(i.SystemInit)
    i.USART_ClearFlag                        0x08002adc   Section        0  stm32f10x_usart.o(i.USART_ClearFlag)
    i.USART_Cmd                              0x08002ae2   Section        0  stm32f10x_usart.o(i.USART_Cmd)
    i.USART_DMACmd                           0x08002afa   Section        0  stm32f10x_usart.o(i.USART_DMACmd)
    i.USART_GetFlagStatus                    0x08002b0c   Section        0  stm32f10x_usart.o(i.USART_GetFlagStatus)
    i.USART_HalfDuplexCmd                    0x08002b1e   Section        0  stm32f10x_usart.o(i.USART_HalfDuplexCmd)
    i.USART_Init                             0x08002b38   Section        0  stm32f10x_usart.o(i.USART_Init)
    i.USART_ReceiveData                      0x08002bd4   Section        0  stm32f10x_usart.o(i.USART_ReceiveData)
    i.USART_SendData                         0x08002bde   Section        0  stm32f10x_usart.o(i.USART_SendData)
    i.__ARM_fpclassify                       0x08002be6   Section        0  fpclassify.o(i.__ARM_fpclassify)
    i._is_digit                              0x08002c0e   Section        0  __printf_wp.o(i._is_digit)
    i.cp1251_to_epson_convert                0x08002c1c   Section        0  cp1251toepson.o(i.cp1251_to_epson_convert)
    i.delay_ms                               0x08002e1e   Section        0  delay.o(i.delay_ms)
    i.delay_us                               0x08002e36   Section        0  delay.o(i.delay_us)
    i.ds18b20_crc8                           0x08002e50   Section        0  ds18b20.o(i.ds18b20_crc8)
    i.ds18b20_get_temp                       0x08002e88   Section        0  ds18b20.o(i.ds18b20_get_temp)
    i.ds18b20_init                           0x08002ee4   Section        0  ds18b20.o(i.ds18b20_init)
    i.ds18b20_start_convert                  0x08002f38   Section        0  ds18b20.o(i.ds18b20_start_convert)
    i.ds18b20_tconvert                       0x08002f5c   Section        0  ds18b20.o(i.ds18b20_tconvert)
    i.gpio_PortClockStart                    0x08002fc0   Section        0  gpio.o(i.gpio_PortClockStart)
    i.gpio_SetGPIOmode_Out                   0x08003050   Section        0  gpio.o(i.gpio_SetGPIOmode_Out)
    i.hd44780_backlight_set                  0x08003070   Section        0  hd44780.o(i.hd44780_backlight_set)
    i.hd44780_bus_init                       0x080030b4   Section        0  hd44780.o(i.hd44780_bus_init)
    i.hd44780_clear                          0x080030c4   Section        0  hd44780.o(i.hd44780_clear)
    i.hd44780_goto_xy                        0x080030d0   Section        0  hd44780.o(i.hd44780_goto_xy)
    i.hd44780_init                           0x08003100   Section        0  hd44780.o(i.hd44780_init)
    i.hd44780_printf                         0x08003114   Section        0  hd44780.o(i.hd44780_printf)
    i.hd44780_puts                           0x08003144   Section        0  hd44780.o(i.hd44780_puts)
    i.hd44780_read                           0x080031a8   Section        0  hd44780.o(i.hd44780_read)
    i.hd44780_start                          0x080032a8   Section        0  hd44780.o(i.hd44780_start)
    i.hd44780_waitbisy                       0x080032da   Section        0  hd44780.o(i.hd44780_waitbisy)
    i.hd44780_write                          0x08003300   Section        0  hd44780.o(i.hd44780_write)
    i.hd44780_write_cmd                      0x08003418   Section        0  hd44780.o(i.hd44780_write_cmd)
    i.hd44780_write_data                     0x0800342c   Section        0  hd44780.o(i.hd44780_write_data)
    i.i2cm_ReadBuffAndStop                   0x08003440   Section        0  i2cm.o(i.i2cm_ReadBuffAndStop)
    i.i2cm_Start                             0x080034c4   Section        0  i2cm.o(i.i2cm_Start)
    i.i2cm_Stop                              0x08003558   Section        0  i2cm.o(i.i2cm_Stop)
    i.i2cm_WriteBuff                         0x08003588   Section        0  i2cm.o(i.i2cm_WriteBuff)
    i.i2cm_init                              0x080035d4   Section        0  i2cm.o(i.i2cm_init)
    i.iwdgInit                               0x08003678   Section        0  main.o(i.iwdgInit)
    i.main                                   0x080036ac   Section        0  main.o(i.main)
    i.pcf8574_bus_init                       0x08003788   Section        0  pcf8574.o(i.pcf8574_bus_init)
    i.pcf8574_read                           0x0800379c   Section        0  pcf8574.o(i.pcf8574_read)
    i.pcf8574_write                          0x080037e4   Section        0  pcf8574.o(i.pcf8574_write)
    locale$$code                             0x08003834   Section       44  lc_numeric_c.o(locale$$code)
    locale$$code                             0x08003860   Section       44  lc_ctype_c.o(locale$$code)
    x$fpl$d2f                                0x0800388c   Section       98  d2f.o(x$fpl$d2f)
    x$fpl$dadd                               0x080038f0   Section      336  daddsub_clz.o(x$fpl$dadd)
    _dadd1                                   0x08003901   Thumb Code     0  daddsub_clz.o(x$fpl$dadd)
    x$fpl$ddiv                               0x08003a40   Section      688  ddiv.o(x$fpl$ddiv)
    ddiv_entry                               0x08003a47   Thumb Code     0  ddiv.o(x$fpl$ddiv)
    x$fpl$dfltu                              0x08003cf0   Section       38  dflt_clz.o(x$fpl$dfltu)
    x$fpl$dnaninf                            0x08003d16   Section      156  dnaninf.o(x$fpl$dnaninf)
    x$fpl$dretinf                            0x08003db2   Section       12  dretinf.o(x$fpl$dretinf)
    x$fpl$drsb                               0x08003dbe   Section       22  daddsub_clz.o(x$fpl$drsb)
    x$fpl$dsub                               0x08003dd4   Section      468  daddsub_clz.o(x$fpl$dsub)
    _dsub1                                   0x08003de5   Thumb Code     0  daddsub_clz.o(x$fpl$dsub)
    x$fpl$f2d                                0x08003fa8   Section       86  f2d.o(x$fpl$f2d)
    x$fpl$fadd                               0x08004000   Section      196  faddsub_clz.o(x$fpl$fadd)
    _fadd1                                   0x0800400f   Thumb Code     0  faddsub_clz.o(x$fpl$fadd)
    x$fpl$fcmpinf                            0x080040c4   Section       24  fcmpi.o(x$fpl$fcmpinf)
    x$fpl$fleqf                              0x080040dc   Section      104  fleqf.o(x$fpl$fleqf)
    x$fpl$fnaninf                            0x08004144   Section      140  fnaninf.o(x$fpl$fnaninf)
    x$fpl$fretinf                            0x080041d0   Section       10  fretinf.o(x$fpl$fretinf)
    x$fpl$frleqf                             0x080041da   Section       98  frleqf.o(x$fpl$frleqf)
    x$fpl$fsub                               0x0800423c   Section      234  faddsub_clz.o(x$fpl$fsub)
    _fsub1                                   0x0800424b   Thumb Code     0  faddsub_clz.o(x$fpl$fsub)
    x$fpl$printf1                            0x08004326   Section        4  printf1.o(x$fpl$printf1)
    x$fpl$printf2                            0x0800432a   Section        4  printf2.o(x$fpl$printf2)
    x$fpl$usenofp                            0x0800432e   Section        0  usenofp.o(x$fpl$usenofp)
    .constdata                               0x08004330   Section        8  _printf_wctomb.o(.constdata)
    initial_mbstate                          0x08004330   Data           8  _printf_wctomb.o(.constdata)
    .constdata                               0x08004338   Section       40  _printf_hex_int_ll_ptr.o(.constdata)
    uc_hextab                                0x08004338   Data          20  _printf_hex_int_ll_ptr.o(.constdata)
    lc_hextab                                0x0800434c   Data          20  _printf_hex_int_ll_ptr.o(.constdata)
    .constdata                               0x08004360   Section       17  __printf_flags_ss_wp.o(.constdata)
    maptable                                 0x08004360   Data          17  __printf_flags_ss_wp.o(.constdata)
    .constdata                               0x08004371   Section       38  _printf_fp_hex.o(.constdata)
    lc_hextab                                0x08004371   Data          19  _printf_fp_hex.o(.constdata)
    uc_hextab                                0x08004384   Data          19  _printf_fp_hex.o(.constdata)
    .constdata                               0x08004398   Section      148  bigflt0.o(.constdata)
    tenpwrs_x                                0x08004398   Data          60  bigflt0.o(.constdata)
    tenpwrs_i                                0x080043d4   Data          64  bigflt0.o(.constdata)
    locale$$data                             0x0800444c   Section       28  lc_numeric_c.o(locale$$data)
    __lcnum_c_name                           0x08004450   Data           2  lc_numeric_c.o(locale$$data)
    __lcnum_c_start                          0x08004458   Data           0  lc_numeric_c.o(locale$$data)
    __lcnum_c_point                          0x08004464   Data           0  lc_numeric_c.o(locale$$data)
    __lcnum_c_thousands                      0x08004466   Data           0  lc_numeric_c.o(locale$$data)
    __lcnum_c_grouping                       0x08004467   Data           0  lc_numeric_c.o(locale$$data)
    locale$$data                             0x08004468   Section      272  lc_ctype_c.o(locale$$data)
    __lcnum_c_end                            0x08004468   Data           0  lc_numeric_c.o(locale$$data)
    __lcctype_c_name                         0x0800446c   Data           2  lc_ctype_c.o(locale$$data)
    __lcctype_c_start                        0x08004474   Data           0  lc_ctype_c.o(locale$$data)
    __lcctype_c_end                          0x08004578   Data           0  lc_ctype_c.o(locale$$data)
    .data                                    0x20000000   Section       20  main.o(.data)
    .data                                    0x20000014   Section        1  ds18b20.o(.data)
    owdevices                                0x20000014   Data           1  ds18b20.o(.data)
    .data                                    0x20000015   Section       19  onewire.o(.data)
    LastDiscrepancy                          0x2000001d   Data           1  onewire.o(.data)
    LastDeviceFlag                           0x2000001e   Data           1  onewire.o(.data)
    DeviceID                                 0x2000001f   Data           1  onewire.o(.data)
    ROM_NO                                   0x20000020   Data           8  onewire.o(.data)
    .data                                    0x20000028   Section       20  stm32f10x_rcc.o(.data)
    APBAHBPrescTable                         0x20000028   Data          16  stm32f10x_rcc.o(.data)
    ADCPrescTable                            0x20000038   Data           4  stm32f10x_rcc.o(.data)
    .data                                    0x2000003c   Section        2  hd44780.o(.data)
    .bss                                     0x20000040   Section       27  ds18b20.o(.bss)
    ds18_sensors                             0x20000040   Data          27  ds18b20.o(.bss)
    .bss                                     0x2000005b   Section       40  hd44780.o(.bss)
    .bss                                     0x20000084   Section       96  libspace.o(.bss)
    HEAP                                     0x200000e8   Section      512  startup_stm32f10x_md.o(HEAP)
    Heap_Mem                                 0x200000e8   Data         512  startup_stm32f10x_md.o(HEAP)
    STACK                                    0x200002e8   Section     1024  startup_stm32f10x_md.o(STACK)
    Stack_Mem                                0x200002e8   Data        1024  startup_stm32f10x_md.o(STACK)
    __initial_sp                             0x200006e8   Data           0  startup_stm32f10x_md.o(STACK)

    Global Symbols

    Symbol Name                              Value     Ov Type        Size  Object(Section)

    BuildAttributes$$THM_ISAv4$P$D$K$B$S$PE$A:L22UL41UL21$X:L11$S22US41US21$IEEE1$IW$USESV6$~STKCKD$USESV7$~SHL$OTIME$ROPI$IEEEJ$EBA8$UX$STANDARDLIB$REQ8$PRES8$EABIv2 0x00000000   Number         0  anon$$obj.o ABSOLUTE
    __ARM_use_no_argv                        0x00000000   Number         0  main.o ABSOLUTE
    _printf_flags                            0x00000000   Number         0  printf_stubs.o ABSOLUTE
    _printf_return_value                     0x00000000   Number         0  printf_stubs.o ABSOLUTE
    _printf_sizespec                         0x00000000   Number         0  printf_stubs.o ABSOLUTE
    _printf_widthprec                        0x00000000   Number         0  printf_stubs.o ABSOLUTE
    __ARM_exceptions_init                     - Undefined Weak Reference
    __alloca_initialize                       - Undefined Weak Reference
    __arm_preinit_                            - Undefined Weak Reference
    __cpp_initialize__aeabi_                  - Undefined Weak Reference
    __cxa_finalize                            - Undefined Weak Reference
    __sigvec_lookup                           - Undefined Weak Reference
    _atexit_init                              - Undefined Weak Reference
    _call_atexit_fns                          - Undefined Weak Reference
    _clock_init                               - Undefined Weak Reference
    _fp_trap_init                             - Undefined Weak Reference
    _fp_trap_shutdown                         - Undefined Weak Reference
    _get_lc_collate                           - Undefined Weak Reference
    _get_lc_monetary                          - Undefined Weak Reference
    _get_lc_time                              - Undefined Weak Reference
    _getenv_init                              - Undefined Weak Reference
    _handle_redirection                       - Undefined Weak Reference
    _init_alloc                               - Undefined Weak Reference
    _init_user_alloc                          - Undefined Weak Reference
    _initio                                   - Undefined Weak Reference
    _printf_mbtowc                            - Undefined Weak Reference
    _printf_wc                                - Undefined Weak Reference
    _rand_init                                - Undefined Weak Reference
    _signal_finish                            - Undefined Weak Reference
    _signal_init                              - Undefined Weak Reference
    _terminate_alloc                          - Undefined Weak Reference
    _terminate_user_alloc                     - Undefined Weak Reference
    _terminateio                              - Undefined Weak Reference
    __Vectors_Size                           0x000000ec   Number         0  startup_stm32f10x_md.o ABSOLUTE
    __Vectors                                0x08000000   Data           4  startup_stm32f10x_md.o(RESET)
    __Vectors_End                            0x080000ec   Data           0  startup_stm32f10x_md.o(RESET)
    __main                                   0x080000ed   Thumb Code     8  __main.o(!!!main)
    __scatterload                            0x080000f5   Thumb Code     0  __scatter.o(!!!scatter)
    __scatterload_rt2                        0x080000f5   Thumb Code    44  __scatter.o(!!!scatter)
    __scatterload_rt2_thumb_only             0x080000f5   Thumb Code     0  __scatter.o(!!!scatter)
    __scatterload_null                       0x08000103   Thumb Code     0  __scatter.o(!!!scatter)
    __scatterload_copy                       0x08000129   Thumb Code    26  __scatter_copy.o(!!handler_copy)
    __scatterload_zeroinit                   0x08000145   Thumb Code    28  __scatter_zi.o(!!handler_zi)
    _printf_n                                0x08000161   Thumb Code     0  _printf_n.o(.ARM.Collect$$_printf_percent$$00000001)
    _printf_percent                          0x08000161   Thumb Code     0  _printf_percent.o(.ARM.Collect$$_printf_percent$$00000000)
    _printf_p                                0x08000167   Thumb Code     0  _printf_p.o(.ARM.Collect$$_printf_percent$$00000002)
    _printf_f                                0x0800016d   Thumb Code     0  _printf_f.o(.ARM.Collect$$_printf_percent$$00000003)
    _printf_e                                0x08000173   Thumb Code     0  _printf_e.o(.ARM.Collect$$_printf_percent$$00000004)
    _printf_g                                0x08000179   Thumb Code     0  _printf_g.o(.ARM.Collect$$_printf_percent$$00000005)
    _printf_a                                0x0800017f   Thumb Code     0  _printf_a.o(.ARM.Collect$$_printf_percent$$00000006)
    _printf_ll                               0x08000185   Thumb Code     0  _printf_ll.o(.ARM.Collect$$_printf_percent$$00000007)
    _printf_i                                0x0800018f   Thumb Code     0  _printf_i.o(.ARM.Collect$$_printf_percent$$00000008)
    _printf_d                                0x08000195   Thumb Code     0  _printf_d.o(.ARM.Collect$$_printf_percent$$00000009)
    _printf_u                                0x0800019b   Thumb Code     0  _printf_u.o(.ARM.Collect$$_printf_percent$$0000000A)
    _printf_o                                0x080001a1   Thumb Code     0  _printf_o.o(.ARM.Collect$$_printf_percent$$0000000B)
    _printf_x                                0x080001a7   Thumb Code     0  _printf_x.o(.ARM.Collect$$_printf_percent$$0000000C)
    _printf_lli                              0x080001ad   Thumb Code     0  _printf_lli.o(.ARM.Collect$$_printf_percent$$0000000D)
    _printf_lld                              0x080001b3   Thumb Code     0  _printf_lld.o(.ARM.Collect$$_printf_percent$$0000000E)
    _printf_llu                              0x080001b9   Thumb Code     0  _printf_llu.o(.ARM.Collect$$_printf_percent$$0000000F)
    _printf_llo                              0x080001bf   Thumb Code     0  _printf_llo.o(.ARM.Collect$$_printf_percent$$00000010)
    _printf_llx                              0x080001c5   Thumb Code     0  _printf_llx.o(.ARM.Collect$$_printf_percent$$00000011)
    _printf_l                                0x080001cb   Thumb Code     0  _printf_l.o(.ARM.Collect$$_printf_percent$$00000012)
    _printf_c                                0x080001d5   Thumb Code     0  _printf_c.o(.ARM.Collect$$_printf_percent$$00000013)
    _printf_s                                0x080001db   Thumb Code     0  _printf_s.o(.ARM.Collect$$_printf_percent$$00000014)
    _printf_lc                               0x080001e1   Thumb Code     0  _printf_lc.o(.ARM.Collect$$_printf_percent$$00000015)
    _printf_ls                               0x080001e7   Thumb Code     0  _printf_ls.o(.ARM.Collect$$_printf_percent$$00000016)
    _printf_percent_end                      0x080001ed   Thumb Code     0  _printf_percent_end.o(.ARM.Collect$$_printf_percent$$00000017)
    __rt_lib_init                            0x080001f1   Thumb Code     0  libinit.o(.ARM.Collect$$libinit$$00000000)
    __rt_lib_init_fp_1                       0x080001f3   Thumb Code     0  libinit2.o(.ARM.Collect$$libinit$$00000002)
    __rt_lib_init_heap_1                     0x080001f3   Thumb Code     0  libinit2.o(.ARM.Collect$$libinit$$0000000A)
    __rt_lib_init_lc_common                  0x080001f3   Thumb Code     0  libinit2.o(.ARM.Collect$$libinit$$0000000F)
    __rt_lib_init_preinit_1                  0x080001f3   Thumb Code     0  libinit2.o(.ARM.Collect$$libinit$$00000004)
    __rt_lib_init_rand_1                     0x080001f3   Thumb Code     0  libinit2.o(.ARM.Collect$$libinit$$0000000E)
    __rt_lib_init_user_alloc_1               0x080001f3   Thumb Code     0  libinit2.o(.ARM.Collect$$libinit$$0000000C)
    __rt_lib_init_lc_collate_1               0x080001f9   Thumb Code     0  libinit2.o(.ARM.Collect$$libinit$$00000011)
    __rt_lib_init_lc_ctype_2                 0x080001f9   Thumb Code     0  libinit2.o(.ARM.Collect$$libinit$$00000012)
    __rt_lib_init_lc_ctype_1                 0x08000205   Thumb Code     0  libinit2.o(.ARM.Collect$$libinit$$00000013)
    __rt_lib_init_lc_monetary_1              0x08000205   Thumb Code     0  libinit2.o(.ARM.Collect$$libinit$$00000015)
    __rt_lib_init_lc_numeric_2               0x08000205   Thumb Code     0  libinit2.o(.ARM.Collect$$libinit$$00000016)
    __rt_lib_init_alloca_1                   0x0800020f   Thumb Code     0  libinit2.o(.ARM.Collect$$libinit$$0000002E)
    __rt_lib_init_argv_1                     0x0800020f   Thumb Code     0  libinit2.o(.ARM.Collect$$libinit$$0000002C)
    __rt_lib_init_atexit_1                   0x0800020f   Thumb Code     0  libinit2.o(.ARM.Collect$$libinit$$0000001B)
    __rt_lib_init_clock_1                    0x0800020f   Thumb Code     0  libinit2.o(.ARM.Collect$$libinit$$00000021)
    __rt_lib_init_cpp_1                      0x0800020f   Thumb Code     0  libinit2.o(.ARM.Collect$$libinit$$00000032)
    __rt_lib_init_exceptions_1               0x0800020f   Thumb Code     0  libinit2.o(.ARM.Collect$$libinit$$00000030)
    __rt_lib_init_fp_trap_1                  0x0800020f   Thumb Code     0  libinit2.o(.ARM.Collect$$libinit$$0000001F)
    __rt_lib_init_getenv_1                   0x0800020f   Thumb Code     0  libinit2.o(.ARM.Collect$$libinit$$00000023)
    __rt_lib_init_lc_numeric_1               0x0800020f   Thumb Code     0  libinit2.o(.ARM.Collect$$libinit$$00000017)
    __rt_lib_init_lc_time_1                  0x0800020f   Thumb Code     0  libinit2.o(.ARM.Collect$$libinit$$00000019)
    __rt_lib_init_return                     0x0800020f   Thumb Code     0  libinit2.o(.ARM.Collect$$libinit$$00000033)
    __rt_lib_init_signal_1                   0x0800020f   Thumb Code     0  libinit2.o(.ARM.Collect$$libinit$$0000001D)
    __rt_lib_init_stdio_1                    0x0800020f   Thumb Code     0  libinit2.o(.ARM.Collect$$libinit$$00000025)
    __rt_lib_shutdown                        0x08000211   Thumb Code     0  libshutdown.o(.ARM.Collect$$libshutdown$$00000000)
    __rt_lib_shutdown_cpp_1                  0x08000213   Thumb Code     0  libshutdown2.o(.ARM.Collect$$libshutdown$$00000002)
    __rt_lib_shutdown_fp_trap_1              0x08000213   Thumb Code     0  libshutdown2.o(.ARM.Collect$$libshutdown$$00000007)
    __rt_lib_shutdown_heap_1                 0x08000213   Thumb Code     0  libshutdown2.o(.ARM.Collect$$libshutdown$$0000000F)
    __rt_lib_shutdown_return                 0x08000213   Thumb Code     0  libshutdown2.o(.ARM.Collect$$libshutdown$$00000010)
    __rt_lib_shutdown_signal_1               0x08000213   Thumb Code     0  libshutdown2.o(.ARM.Collect$$libshutdown$$0000000A)
    __rt_lib_shutdown_stdio_1                0x08000213   Thumb Code     0  libshutdown2.o(.ARM.Collect$$libshutdown$$00000004)
    __rt_lib_shutdown_user_alloc_1           0x08000213   Thumb Code     0  libshutdown2.o(.ARM.Collect$$libshutdown$$0000000C)
    __rt_entry                               0x08000215   Thumb Code     0  __rtentry.o(.ARM.Collect$$rtentry$$00000000)
    __rt_entry_presh_1                       0x08000215   Thumb Code     0  __rtentry2.o(.ARM.Collect$$rtentry$$00000002)
    __rt_entry_sh                            0x08000215   Thumb Code     0  __rtentry4.o(.ARM.Collect$$rtentry$$00000004)
    __rt_entry_li                            0x0800021b   Thumb Code     0  __rtentry2.o(.ARM.Collect$$rtentry$$0000000A)
    __rt_entry_postsh_1                      0x0800021b   Thumb Code     0  __rtentry2.o(.ARM.Collect$$rtentry$$00000009)
    __rt_entry_main                          0x0800021f   Thumb Code     0  __rtentry2.o(.ARM.Collect$$rtentry$$0000000D)
    __rt_entry_postli_1                      0x0800021f   Thumb Code     0  __rtentry2.o(.ARM.Collect$$rtentry$$0000000C)
    __rt_exit                                0x08000227   Thumb Code     0  rtexit.o(.ARM.Collect$$rtexit$$00000000)
    __rt_exit_ls                             0x08000229   Thumb Code     0  rtexit2.o(.ARM.Collect$$rtexit$$00000003)
    __rt_exit_prels_1                        0x08000229   Thumb Code     0  rtexit2.o(.ARM.Collect$$rtexit$$00000002)
    __rt_exit_exit                           0x0800022d   Thumb Code     0  rtexit2.o(.ARM.Collect$$rtexit$$00000004)
    Reset_Handler                            0x08000235   Thumb Code     8  startup_stm32f10x_md.o(.text)
    NMI_Handler                              0x0800023d   Thumb Code     2  startup_stm32f10x_md.o(.text)
    HardFault_Handler                        0x0800023f   Thumb Code     2  startup_stm32f10x_md.o(.text)
    MemManage_Handler                        0x08000241   Thumb Code     2  startup_stm32f10x_md.o(.text)
    BusFault_Handler                         0x08000243   Thumb Code     2  startup_stm32f10x_md.o(.text)
    UsageFault_Handler                       0x08000245   Thumb Code     2  startup_stm32f10x_md.o(.text)
    SVC_Handler                              0x08000247   Thumb Code     2  startup_stm32f10x_md.o(.text)
    DebugMon_Handler                         0x08000249   Thumb Code     2  startup_stm32f10x_md.o(.text)
    PendSV_Handler                           0x0800024b   Thumb Code     2  startup_stm32f10x_md.o(.text)
    SysTick_Handler                          0x0800024d   Thumb Code     2  startup_stm32f10x_md.o(.text)
    ADC1_2_IRQHandler                        0x0800024f   Thumb Code     0  startup_stm32f10x_md.o(.text)
    CAN1_RX1_IRQHandler                      0x0800024f   Thumb Code     0  startup_stm32f10x_md.o(.text)
    CAN1_SCE_IRQHandler                      0x0800024f   Thumb Code     0  startup_stm32f10x_md.o(.text)
    DMA1_Channel1_IRQHandler                 0x0800024f   Thumb Code     0  startup_stm32f10x_md.o(.text)
    DMA1_Channel2_IRQHandler                 0x0800024f   Thumb Code     0  startup_stm32f10x_md.o(.text)
    DMA1_Channel3_IRQHandler                 0x0800024f   Thumb Code     0  startup_stm32f10x_md.o(.text)
    DMA1_Channel4_IRQHandler                 0x0800024f   Thumb Code     0  startup_stm32f10x_md.o(.text)
    DMA1_Channel5_IRQHandler                 0x0800024f   Thumb Code     0  startup_stm32f10x_md.o(.text)
    DMA1_Channel6_IRQHandler                 0x0800024f   Thumb Code     0  startup_stm32f10x_md.o(.text)
    DMA1_Channel7_IRQHandler                 0x0800024f   Thumb Code     0  startup_stm32f10x_md.o(.text)
    EXTI0_IRQHandler                         0x0800024f   Thumb Code     0  startup_stm32f10x_md.o(.text)
    EXTI15_10_IRQHandler                     0x0800024f   Thumb Code     0  startup_stm32f10x_md.o(.text)
    EXTI1_IRQHandler                         0x0800024f   Thumb Code     0  startup_stm32f10x_md.o(.text)
    EXTI2_IRQHandler                         0x0800024f   Thumb Code     0  startup_stm32f10x_md.o(.text)
    EXTI3_IRQHandler                         0x0800024f   Thumb Code     0  startup_stm32f10x_md.o(.text)
    EXTI4_IRQHandler                         0x0800024f   Thumb Code     0  startup_stm32f10x_md.o(.text)
    EXTI9_5_IRQHandler                       0x0800024f   Thumb Code     0  startup_stm32f10x_md.o(.text)
    FLASH_IRQHandler                         0x0800024f   Thumb Code     0  startup_stm32f10x_md.o(.text)
    I2C1_ER_IRQHandler                       0x0800024f   Thumb Code     0  startup_stm32f10x_md.o(.text)
    I2C1_EV_IRQHandler                       0x0800024f   Thumb Code     0  startup_stm32f10x_md.o(.text)
    I2C2_ER_IRQHandler                       0x0800024f   Thumb Code     0  startup_stm32f10x_md.o(.text)
    I2C2_EV_IRQHandler                       0x0800024f   Thumb Code     0  startup_stm32f10x_md.o(.text)
    PVD_IRQHandler                           0x0800024f   Thumb Code     0  startup_stm32f10x_md.o(.text)
    RCC_IRQHandler                           0x0800024f   Thumb Code     0  startup_stm32f10x_md.o(.text)
    RTCAlarm_IRQHandler                      0x0800024f   Thumb Code     0  startup_stm32f10x_md.o(.text)
    RTC_IRQHandler                           0x0800024f   Thumb Code     0  startup_stm32f10x_md.o(.text)
    SPI1_IRQHandler                          0x0800024f   Thumb Code     0  startup_stm32f10x_md.o(.text)
    SPI2_IRQHandler                          0x0800024f   Thumb Code     0  startup_stm32f10x_md.o(.text)
    TAMPER_IRQHandler                        0x0800024f   Thumb Code     0  startup_stm32f10x_md.o(.text)
    TIM1_BRK_IRQHandler                      0x0800024f   Thumb Code     0  startup_stm32f10x_md.o(.text)
    TIM1_CC_IRQHandler                       0x0800024f   Thumb Code     0  startup_stm32f10x_md.o(.text)
    TIM1_TRG_COM_IRQHandler                  0x0800024f   Thumb Code     0  startup_stm32f10x_md.o(.text)
    TIM1_UP_IRQHandler                       0x0800024f   Thumb Code     0  startup_stm32f10x_md.o(.text)
    TIM2_IRQHandler                          0x0800024f   Thumb Code     0  startup_stm32f10x_md.o(.text)
    TIM3_IRQHandler                          0x0800024f   Thumb Code     0  startup_stm32f10x_md.o(.text)
    TIM4_IRQHandler                          0x0800024f   Thumb Code     0  startup_stm32f10x_md.o(.text)
    USART1_IRQHandler                        0x0800024f   Thumb Code     0  startup_stm32f10x_md.o(.text)
    USART2_IRQHandler                        0x0800024f   Thumb Code     0  startup_stm32f10x_md.o(.text)
    USART3_IRQHandler                        0x0800024f   Thumb Code     0  startup_stm32f10x_md.o(.text)
    USBWakeUp_IRQHandler                     0x0800024f   Thumb Code     0  startup_stm32f10x_md.o(.text)
    USB_HP_CAN1_TX_IRQHandler                0x0800024f   Thumb Code     0  startup_stm32f10x_md.o(.text)
    USB_LP_CAN1_RX0_IRQHandler               0x0800024f   Thumb Code     0  startup_stm32f10x_md.o(.text)
    WWDG_IRQHandler                          0x0800024f   Thumb Code     0  startup_stm32f10x_md.o(.text)
    __user_initial_stackheap                 0x08000251   Thumb Code     0  startup_stm32f10x_md.o(.text)
    vsnprintf                                0x08000275   Thumb Code    48  vsnprintf.o(.text)
    __use_two_region_memory                  0x080002a9   Thumb Code     2  heapauxi.o(.text)
    __rt_heap_escrow$2region                 0x080002ab   Thumb Code     2  heapauxi.o(.text)
    __rt_heap_expand$2region                 0x080002ad   Thumb Code     2  heapauxi.o(.text)
    _printf_pre_padding                      0x080002af   Thumb Code    44  _printf_pad.o(.text)
    _printf_post_padding                     0x080002db   Thumb Code    34  _printf_pad.o(.text)
    _printf_truncate_signed                  0x080002fd   Thumb Code    18  _printf_truncate.o(.text)
    _printf_truncate_unsigned                0x0800030f   Thumb Code    18  _printf_truncate.o(.text)
    _printf_str                              0x08000321   Thumb Code    82  _printf_str.o(.text)
    _printf_int_dec                          0x08000375   Thumb Code   104  _printf_dec.o(.text)
    _printf_charcount                        0x080003ed   Thumb Code    40  _printf_charcount.o(.text)
    _printf_char_common                      0x0800041f   Thumb Code    32  _printf_char_common.o(.text)
    _sputc                                   0x08000445   Thumb Code    10  _sputc.o(.text)
    _snputc                                  0x0800044f   Thumb Code    16  _snputc.o(.text)
    _printf_wctomb                           0x08000461   Thumb Code   182  _printf_wctomb.o(.text)
    _printf_longlong_dec                     0x0800051d   Thumb Code   108  _printf_longlong_dec.o(.text)
    _printf_longlong_oct                     0x08000599   Thumb Code    66  _printf_oct_int_ll.o(.text)
    _printf_int_oct                          0x080005db   Thumb Code    24  _printf_oct_int_ll.o(.text)
    _printf_ll_oct                           0x080005f3   Thumb Code    12  _printf_oct_int_ll.o(.text)
    _printf_longlong_hex                     0x08000609   Thumb Code    86  _printf_hex_int_ll_ptr.o(.text)
    _printf_int_hex                          0x0800065f   Thumb Code    28  _printf_hex_int_ll_ptr.o(.text)
    _printf_ll_hex                           0x0800067b   Thumb Code    12  _printf_hex_int_ll_ptr.o(.text)
    _printf_hex_ptr                          0x08000687   Thumb Code    18  _printf_hex_int_ll_ptr.o(.text)
    __printf                                 0x0800069d   Thumb Code   388  __printf_flags_ss_wp.o(.text)
    _ll_udiv10                               0x08000825   Thumb Code   138  lludiv10.o(.text)
    _printf_int_common                       0x080008af   Thumb Code   178  _printf_intcommon.o(.text)
    __lib_sel_fp_printf                      0x08000961   Thumb Code     2  _printf_fp_dec.o(.text)
    _printf_fp_dec_real                      0x08000b13   Thumb Code   620  _printf_fp_dec.o(.text)
    _printf_fp_hex_real                      0x08000d81   Thumb Code   756  _printf_fp_hex.o(.text)
    _printf_cs_common                        0x0800107d   Thumb Code    20  _printf_char.o(.text)
    _printf_char                             0x08001091   Thumb Code    16  _printf_char.o(.text)
    _printf_string                           0x080010a1   Thumb Code     8  _printf_char.o(.text)
    _printf_lcs_common                       0x080010a9   Thumb Code    20  _printf_wchar.o(.text)
    _printf_wchar                            0x080010bd   Thumb Code    16  _printf_wchar.o(.text)
    _printf_wstring                          0x080010cd   Thumb Code     8  _printf_wchar.o(.text)
    _wcrtomb                                 0x080010d5   Thumb Code    64  _wcrtomb.o(.text)
    __user_setup_stackheap                   0x08001115   Thumb Code    74  sys_stackheap_outer.o(.text)
    __rt_ctype_table                         0x08001161   Thumb Code    16  rt_ctype_table.o(.text)
    __rt_locale                              0x08001171   Thumb Code     8  rt_locale_intlibspace.o(.text)
    _printf_fp_infnan                        0x08001179   Thumb Code   112  _printf_fp_infnan.o(.text)
    _btod_etento                             0x080011f9   Thumb Code   224  bigflt0.o(.text)
    exit                                     0x080012dd   Thumb Code    18  exit.o(.text)
    __user_libspace                          0x080012f1   Thumb Code     8  libspace.o(.text)
    __user_perproc_libspace                  0x080012f1   Thumb Code     0  libspace.o(.text)
    __user_perthread_libspace                0x080012f1   Thumb Code     0  libspace.o(.text)
    strcmp                                   0x080012f9   Thumb Code   128  strcmpv7m.o(.text)
    _sys_exit                                0x08001379   Thumb Code     8  sys_exit.o(.text)
    __I$use$semihosting                      0x08001385   Thumb Code     0  use_no_semi.o(.text)
    __use_no_semihosting_swi                 0x08001385   Thumb Code     2  use_no_semi.o(.text)
    __semihosting_library_function           0x08001387   Thumb Code     0  indicate_semi.o(.text)
    _btod_d2e                                0x08001387   Thumb Code    62  btod.o(CL$$btod_d2e)
    _d2e_denorm_low                          0x080013c5   Thumb Code    70  btod.o(CL$$btod_d2e_denorm_low)
    _d2e_norm_op1                            0x0800140b   Thumb Code    96  btod.o(CL$$btod_d2e_norm_op1)
    __btod_div_common                        0x0800146b   Thumb Code   696  btod.o(CL$$btod_div_common)
    _e2e                                     0x080017a3   Thumb Code   220  btod.o(CL$$btod_e2e)
    _btod_ediv                               0x0800187f   Thumb Code    42  btod.o(CL$$btod_ediv)
    _btod_emul                               0x080018a9   Thumb Code    42  btod.o(CL$$btod_emul)
    __btod_mult_common                       0x080018d3   Thumb Code   580  btod.o(CL$$btod_mult_common)
    DMA_Cmd                                  0x08001b17   Thumb Code    22  stm32f10x_dma.o(i.DMA_Cmd)
    DMA_DeInit                               0x08001b2d   Thumb Code   306  stm32f10x_dma.o(i.DMA_DeInit)
    DMA_GetFlagStatus                        0x08001c71   Thumb Code    36  stm32f10x_dma.o(i.DMA_GetFlagStatus)
    DMA_Init                                 0x08001c9d   Thumb Code    60  stm32f10x_dma.o(i.DMA_Init)
    Encoder                                  0x08001cd9   Thumb Code    52  main.o(i.Encoder)
    GPIO_Init                                0x08001d15   Thumb Code   278  stm32f10x_gpio.o(i.GPIO_Init)
    GPIO_ReadInputDataBit                    0x08001e2b   Thumb Code    18  stm32f10x_gpio.o(i.GPIO_ReadInputDataBit)
    GPIO_WriteBit                            0x08001e3d   Thumb Code    10  stm32f10x_gpio.o(i.GPIO_WriteBit)
    I2C_AcknowledgeConfig                    0x08001e47   Thumb Code    24  stm32f10x_i2c.o(i.I2C_AcknowledgeConfig)
    I2C_CheckEvent                           0x08001e5f   Thumb Code    42  stm32f10x_i2c.o(i.I2C_CheckEvent)
    I2C_Cmd                                  0x08001e89   Thumb Code    24  stm32f10x_i2c.o(i.I2C_Cmd)
    I2C_DeInit                               0x08001ea1   Thumb Code    50  stm32f10x_i2c.o(i.I2C_DeInit)
    I2C_GenerateSTART                        0x08001ed9   Thumb Code    24  stm32f10x_i2c.o(i.I2C_GenerateSTART)
    I2C_GenerateSTOP                         0x08001ef1   Thumb Code    24  stm32f10x_i2c.o(i.I2C_GenerateSTOP)
    I2C_GetFlagStatus                        0x08001f09   Thumb Code    58  stm32f10x_i2c.o(i.I2C_GetFlagStatus)
    I2C_Init                                 0x08001f45   Thumb Code   222  stm32f10x_i2c.o(i.I2C_Init)
    I2C_ReceiveData                          0x08002031   Thumb Code     8  stm32f10x_i2c.o(i.I2C_ReceiveData)
    I2C_Send7bitAddress                      0x08002039   Thumb Code    18  stm32f10x_i2c.o(i.I2C_Send7bitAddress)
    I2C_SendData                             0x0800204b   Thumb Code     4  stm32f10x_i2c.o(i.I2C_SendData)
    IWDG_Enable                              0x08002051   Thumb Code    10  stm32f10x_iwdg.o(i.IWDG_Enable)
    IWDG_ReloadCounter                       0x08002061   Thumb Code    10  stm32f10x_iwdg.o(i.IWDG_ReloadCounter)
    IWDG_SetPrescaler                        0x08002071   Thumb Code     6  stm32f10x_iwdg.o(i.IWDG_SetPrescaler)
    IWDG_SetReload                           0x0800207d   Thumb Code     6  stm32f10x_iwdg.o(i.IWDG_SetReload)
    IWDG_WriteAccessCmd                      0x08002089   Thumb Code     6  stm32f10x_iwdg.o(i.IWDG_WriteAccessCmd)
    InitEncoder                              0x08002095   Thumb Code   228  main.o(i.InitEncoder)
    OW_Init                                  0x08002189   Thumb Code   128  onewire.o(i.OW_Init)
    OW_Reset                                 0x08002235   Thumb Code   130  onewire.o(i.OW_Reset)
    OW_Search                                0x080022bd   Thumb Code   330  onewire.o(i.OW_Search)
    OW_Send                                  0x0800241d   Thumb Code   288  onewire.o(i.OW_Send)
    RCC_AHBPeriphClockCmd                    0x08002659   Thumb Code    26  stm32f10x_rcc.o(i.RCC_AHBPeriphClockCmd)
    RCC_APB1PeriphClockCmd                   0x08002679   Thumb Code    26  stm32f10x_rcc.o(i.RCC_APB1PeriphClockCmd)
    RCC_APB1PeriphResetCmd                   0x08002699   Thumb Code    26  stm32f10x_rcc.o(i.RCC_APB1PeriphResetCmd)
    RCC_APB2PeriphClockCmd                   0x080026b9   Thumb Code    26  stm32f10x_rcc.o(i.RCC_APB2PeriphClockCmd)
    RCC_GetClocksFreq                        0x080026d9   Thumb Code   192  stm32f10x_rcc.o(i.RCC_GetClocksFreq)
    RCC_GetFlagStatus                        0x080027ad   Thumb Code    56  stm32f10x_rcc.o(i.RCC_GetFlagStatus)
    RCC_LSICmd                               0x080027e9   Thumb Code     6  stm32f10x_rcc.o(i.RCC_LSICmd)
    Relay                                    0x080027f5   Thumb Code   342  main.o(i.Relay)
    SystemInit                               0x08002a89   Thumb Code    70  system_stm32f10x.o(i.SystemInit)
    USART_ClearFlag                          0x08002add   Thumb Code     6  stm32f10x_usart.o(i.USART_ClearFlag)
    USART_Cmd                                0x08002ae3   Thumb Code    24  stm32f10x_usart.o(i.USART_Cmd)
    USART_DMACmd                             0x08002afb   Thumb Code    18  stm32f10x_usart.o(i.USART_DMACmd)
    USART_GetFlagStatus                      0x08002b0d   Thumb Code    18  stm32f10x_usart.o(i.USART_GetFlagStatus)
    USART_HalfDuplexCmd                      0x08002b1f   Thumb Code    24  stm32f10x_usart.o(i.USART_HalfDuplexCmd)
    USART_Init                               0x08002b39   Thumb Code   150  stm32f10x_usart.o(i.USART_Init)
    USART_ReceiveData                        0x08002bd5   Thumb Code    10  stm32f10x_usart.o(i.USART_ReceiveData)
    USART_SendData                           0x08002bdf   Thumb Code     8  stm32f10x_usart.o(i.USART_SendData)
    __ARM_fpclassify                         0x08002be7   Thumb Code    40  fpclassify.o(i.__ARM_fpclassify)
    _is_digit                                0x08002c0f   Thumb Code    14  __printf_wp.o(i._is_digit)
    cp1251_to_epson_convert                  0x08002c1d   Thumb Code   514  cp1251toepson.o(i.cp1251_to_epson_convert)
    delay_ms                                 0x08002e1f   Thumb Code    24  delay.o(i.delay_ms)
    delay_us                                 0x08002e37   Thumb Code    26  delay.o(i.delay_us)
    ds18b20_crc8                             0x08002e51   Thumb Code    56  ds18b20.o(i.ds18b20_crc8)
    ds18b20_get_temp                         0x08002e89   Thumb Code    88  ds18b20.o(i.ds18b20_get_temp)
    ds18b20_init                             0x08002ee5   Thumb Code    76  ds18b20.o(i.ds18b20_init)
    ds18b20_start_convert                    0x08002f39   Thumb Code    32  ds18b20.o(i.ds18b20_start_convert)
    ds18b20_tconvert                         0x08002f5d   Thumb Code    94  ds18b20.o(i.ds18b20_tconvert)
    gpio_PortClockStart                      0x08002fc1   Thumb Code   116  gpio.o(i.gpio_PortClockStart)
    gpio_SetGPIOmode_Out                     0x08003051   Thumb Code    32  gpio.o(i.gpio_SetGPIOmode_Out)
    hd44780_backlight_set                    0x08003071   Thumb Code    58  hd44780.o(i.hd44780_backlight_set)
    hd44780_bus_init                         0x080030b5   Thumb Code    10  hd44780.o(i.hd44780_bus_init)
    hd44780_clear                            0x080030c5   Thumb Code    10  hd44780.o(i.hd44780_clear)
    hd44780_goto_xy                          0x080030d1   Thumb Code    44  hd44780.o(i.hd44780_goto_xy)
    hd44780_init                             0x08003101   Thumb Code    18  hd44780.o(i.hd44780_init)
    hd44780_printf                           0x08003115   Thumb Code    44  hd44780.o(i.hd44780_printf)
    hd44780_puts                             0x08003145   Thumb Code    96  hd44780.o(i.hd44780_puts)
    hd44780_read                             0x080031a9   Thumb Code   248  hd44780.o(i.hd44780_read)
    hd44780_start                            0x080032a9   Thumb Code    50  hd44780.o(i.hd44780_start)
    hd44780_waitbisy                         0x080032db   Thumb Code    36  hd44780.o(i.hd44780_waitbisy)
    hd44780_write                            0x08003301   Thumb Code   272  hd44780.o(i.hd44780_write)
    hd44780_write_cmd                        0x08003419   Thumb Code    20  hd44780.o(i.hd44780_write_cmd)
    hd44780_write_data                       0x0800342d   Thumb Code    20  hd44780.o(i.hd44780_write_data)
    i2cm_ReadBuffAndStop                     0x08003441   Thumb Code   126  i2cm.o(i.i2cm_ReadBuffAndStop)
    i2cm_Start                               0x080034c5   Thumb Code   138  i2cm.o(i.i2cm_Start)
    i2cm_Stop                                0x08003559   Thumb Code    44  i2cm.o(i.i2cm_Stop)
    i2cm_WriteBuff                           0x08003589   Thumb Code    70  i2cm.o(i.i2cm_WriteBuff)
    i2cm_init                                0x080035d5   Thumb Code   154  i2cm.o(i.i2cm_init)
    iwdgInit                                 0x08003679   Thumb Code    52  main.o(i.iwdgInit)
    main                                     0x080036ad   Thumb Code   186  main.o(i.main)
    pcf8574_bus_init                         0x08003789   Thumb Code    14  pcf8574.o(i.pcf8574_bus_init)
    pcf8574_read                             0x0800379d   Thumb Code    72  pcf8574.o(i.pcf8574_read)
    pcf8574_write                            0x080037e5   Thumb Code    80  pcf8574.o(i.pcf8574_write)
    _get_lc_numeric                          0x08003835   Thumb Code    44  lc_numeric_c.o(locale$$code)
    _get_lc_ctype                            0x08003861   Thumb Code    44  lc_ctype_c.o(locale$$code)
    __aeabi_d2f                              0x0800388d   Thumb Code     0  d2f.o(x$fpl$d2f)
    _d2f                                     0x0800388d   Thumb Code    98  d2f.o(x$fpl$d2f)
    __aeabi_dadd                             0x080038f1   Thumb Code     0  daddsub_clz.o(x$fpl$dadd)
    _dadd                                    0x080038f1   Thumb Code   332  daddsub_clz.o(x$fpl$dadd)
    __aeabi_ddiv                             0x08003a41   Thumb Code     0  ddiv.o(x$fpl$ddiv)
    _ddiv                                    0x08003a41   Thumb Code   552  ddiv.o(x$fpl$ddiv)
    __aeabi_ui2d                             0x08003cf1   Thumb Code     0  dflt_clz.o(x$fpl$dfltu)
    _dfltu                                   0x08003cf1   Thumb Code    38  dflt_clz.o(x$fpl$dfltu)
    __fpl_dnaninf                            0x08003d17   Thumb Code   156  dnaninf.o(x$fpl$dnaninf)
    __fpl_dretinf                            0x08003db3   Thumb Code    12  dretinf.o(x$fpl$dretinf)
    __aeabi_drsub                            0x08003dbf   Thumb Code     0  daddsub_clz.o(x$fpl$drsb)
    _drsb                                    0x08003dbf   Thumb Code    22  daddsub_clz.o(x$fpl$drsb)
    __aeabi_dsub                             0x08003dd5   Thumb Code     0  daddsub_clz.o(x$fpl$dsub)
    _dsub                                    0x08003dd5   Thumb Code   464  daddsub_clz.o(x$fpl$dsub)
    __aeabi_f2d                              0x08003fa9   Thumb Code     0  f2d.o(x$fpl$f2d)
    _f2d                                     0x08003fa9   Thumb Code    86  f2d.o(x$fpl$f2d)
    __aeabi_fadd                             0x08004001   Thumb Code     0  faddsub_clz.o(x$fpl$fadd)
    _fadd                                    0x08004001   Thumb Code   196  faddsub_clz.o(x$fpl$fadd)
    __fpl_fcmp_Inf                           0x080040c5   Thumb Code    24  fcmpi.o(x$fpl$fcmpinf)
    __aeabi_cfcmple                          0x080040dd   Thumb Code     0  fleqf.o(x$fpl$fleqf)
    _fcmple                                  0x080040dd   Thumb Code   104  fleqf.o(x$fpl$fleqf)
    __fpl_fcmple_InfNaN                      0x0800412f   Thumb Code     0  fleqf.o(x$fpl$fleqf)
    __fpl_fnaninf                            0x08004145   Thumb Code   140  fnaninf.o(x$fpl$fnaninf)
    __fpl_fretinf                            0x080041d1   Thumb Code    10  fretinf.o(x$fpl$fretinf)
    __aeabi_cfrcmple                         0x080041db   Thumb Code     0  frleqf.o(x$fpl$frleqf)
    _frcmple                                 0x080041db   Thumb Code    98  frleqf.o(x$fpl$frleqf)
    __aeabi_fsub                             0x0800423d   Thumb Code     0  faddsub_clz.o(x$fpl$fsub)
    _fsub                                    0x0800423d   Thumb Code   234  faddsub_clz.o(x$fpl$fsub)
    _printf_fp_dec                           0x08004327   Thumb Code     4  printf1.o(x$fpl$printf1)
    _printf_fp_hex                           0x0800432b   Thumb Code     4  printf2.o(x$fpl$printf2)
    __I$use$fp                               0x0800432e   Number         0  usenofp.o(x$fpl$usenofp)
    Region$$Table$$Base                      0x0800442c   Number         0  anon$$obj.o(Region$$Table)
    Region$$Table$$Limit                     0x0800444c   Number         0  anon$$obj.o(Region$$Table)
    __ctype                                  0x08004475   Data           0  lc_ctype_c.o(locale$$data)
    TempKot                                  0x20000000   Data           4  main.o(.data)
    TempB                                    0x20000004   Data           4  main.o(.data)
    TempKoll                                 0x20000008   Data           4  main.o(.data)
    dT                                       0x2000000c   Data           4  main.o(.data)
    flag                                     0x20000010   Data           1  main.o(.data)
    count                                    0x20000012   Data           2  main.o(.data)
    ow_buf                                   0x20000015   Data           8  onewire.o(.data)
    pcf8574_Value                            0x2000003c   Data           1  hd44780.o(.data)
    LastRow                                  0x2000003d   Data           1  hd44780.o(.data)
    hd44780_StrBuff                          0x2000005b   Data          40  hd44780.o(.bss)
    __libspace_start                         0x20000084   Data          96  libspace.o(.bss)
    __temporary_stack_top$libspace           0x200000e4   Data           0  libspace.o(.bss)



==============================================================================

Memory Map of the image

  Image Entry point : 0x08000235

  Load Region LR_1 (Base: 0x08000000, Size: 0x000045b8, Max: 0xffffffff, ABSOLUTE)

    Execution Region ER_RO (Exec base: 0x08000000, Load base: 0x08000000, Size: 0x00004578, Max: 0xffffffff, ABSOLUTE)

    Exec Addr    Load Addr    Size         Type   Attr      Idx    E Section Name        Object

    0x08000000   0x08000000   0x000000ec   Data   RO            3    RESET               startup_stm32f10x_md.o
    0x080000ec   0x080000ec   0x00000008   Code   RO         1346  * !!!main             c_w.l(__main.o)
    0x080000f4   0x080000f4   0x00000034   Code   RO         1709    !!!scatter          c_w.l(__scatter.o)
    0x08000128   0x08000128   0x0000001a   Code   RO         1711    !!handler_copy      c_w.l(__scatter_copy.o)
    0x08000142   0x08000142   0x00000002   PAD
    0x08000144   0x08000144   0x0000001c   Code   RO         1713    !!handler_zi        c_w.l(__scatter_zi.o)
    0x08000160   0x08000160   0x00000000   Code   RO         1462    .ARM.Collect$$_printf_percent$$00000000  c_w.l(_printf_percent.o)
    0x08000160   0x08000160   0x00000006   Code   RO         1451    .ARM.Collect$$_printf_percent$$00000001  c_w.l(_printf_n.o)
    0x08000166   0x08000166   0x00000006   Code   RO         1453    .ARM.Collect$$_printf_percent$$00000002  c_w.l(_printf_p.o)
    0x0800016c   0x0800016c   0x00000006   Code   RO         1458    .ARM.Collect$$_printf_percent$$00000003  c_w.l(_printf_f.o)
    0x08000172   0x08000172   0x00000006   Code   RO         1459    .ARM.Collect$$_printf_percent$$00000004  c_w.l(_printf_e.o)
    0x08000178   0x08000178   0x00000006   Code   RO         1460    .ARM.Collect$$_printf_percent$$00000005  c_w.l(_printf_g.o)
    0x0800017e   0x0800017e   0x00000006   Code   RO         1461    .ARM.Collect$$_printf_percent$$00000006  c_w.l(_printf_a.o)
    0x08000184   0x08000184   0x0000000a   Code   RO         1466    .ARM.Collect$$_printf_percent$$00000007  c_w.l(_printf_ll.o)
    0x0800018e   0x0800018e   0x00000006   Code   RO         1455    .ARM.Collect$$_printf_percent$$00000008  c_w.l(_printf_i.o)
    0x08000194   0x08000194   0x00000006   Code   RO         1456    .ARM.Collect$$_printf_percent$$00000009  c_w.l(_printf_d.o)
    0x0800019a   0x0800019a   0x00000006   Code   RO         1457    .ARM.Collect$$_printf_percent$$0000000A  c_w.l(_printf_u.o)
    0x080001a0   0x080001a0   0x00000006   Code   RO         1454    .ARM.Collect$$_printf_percent$$0000000B  c_w.l(_printf_o.o)
    0x080001a6   0x080001a6   0x00000006   Code   RO         1452    .ARM.Collect$$_printf_percent$$0000000C  c_w.l(_printf_x.o)
    0x080001ac   0x080001ac   0x00000006   Code   RO         1463    .ARM.Collect$$_printf_percent$$0000000D  c_w.l(_printf_lli.o)
    0x080001b2   0x080001b2   0x00000006   Code   RO         1464    .ARM.Collect$$_printf_percent$$0000000E  c_w.l(_printf_lld.o)
    0x080001b8   0x080001b8   0x00000006   Code   RO         1465    .ARM.Collect$$_printf_percent$$0000000F  c_w.l(_printf_llu.o)
    0x080001be   0x080001be   0x00000006   Code   RO         1470    .ARM.Collect$$_printf_percent$$00000010  c_w.l(_printf_llo.o)
    0x080001c4   0x080001c4   0x00000006   Code   RO         1471    .ARM.Collect$$_printf_percent$$00000011  c_w.l(_printf_llx.o)
    0x080001ca   0x080001ca   0x0000000a   Code   RO         1467    .ARM.Collect$$_printf_percent$$00000012  c_w.l(_printf_l.o)
    0x080001d4   0x080001d4   0x00000006   Code   RO         1449    .ARM.Collect$$_printf_percent$$00000013  c_w.l(_printf_c.o)
    0x080001da   0x080001da   0x00000006   Code   RO         1450    .ARM.Collect$$_printf_percent$$00000014  c_w.l(_printf_s.o)
    0x080001e0   0x080001e0   0x00000006   Code   RO         1468    .ARM.Collect$$_printf_percent$$00000015  c_w.l(_printf_lc.o)
    0x080001e6   0x080001e6   0x00000006   Code   RO         1469    .ARM.Collect$$_printf_percent$$00000016  c_w.l(_printf_ls.o)
    0x080001ec   0x080001ec   0x00000004   Code   RO         1521    .ARM.Collect$$_printf_percent$$00000017  c_w.l(_printf_percent_end.o)
    0x080001f0   0x080001f0   0x00000002   Code   RO         1570    .ARM.Collect$$libinit$$00000000  c_w.l(libinit.o)
    0x080001f2   0x080001f2   0x00000000   Code   RO         1586    .ARM.Collect$$libinit$$00000002  c_w.l(libinit2.o)
    0x080001f2   0x080001f2   0x00000000   Code   RO         1588    .ARM.Collect$$libinit$$00000004  c_w.l(libinit2.o)
    0x080001f2   0x080001f2   0x00000000   Code   RO         1591    .ARM.Collect$$libinit$$0000000A  c_w.l(libinit2.o)
    0x080001f2   0x080001f2   0x00000000   Code   RO         1593    .ARM.Collect$$libinit$$0000000C  c_w.l(libinit2.o)
    0x080001f2   0x080001f2   0x00000000   Code   RO         1595    .ARM.Collect$$libinit$$0000000E  c_w.l(libinit2.o)
    0x080001f2   0x080001f2   0x00000006   Code   RO         1596    .ARM.Collect$$libinit$$0000000F  c_w.l(libinit2.o)
    0x080001f8   0x080001f8   0x00000000   Code   RO         1598    .ARM.Collect$$libinit$$00000011  c_w.l(libinit2.o)
    0x080001f8   0x080001f8   0x0000000c   Code   RO         1599    .ARM.Collect$$libinit$$00000012  c_w.l(libinit2.o)
    0x08000204   0x08000204   0x00000000   Code   RO         1600    .ARM.Collect$$libinit$$00000013  c_w.l(libinit2.o)
    0x08000204   0x08000204   0x00000000   Code   RO         1602    .ARM.Collect$$libinit$$00000015  c_w.l(libinit2.o)
    0x08000204   0x08000204   0x0000000a   Code   RO         1603    .ARM.Collect$$libinit$$00000016  c_w.l(libinit2.o)
    0x0800020e   0x0800020e   0x00000000   Code   RO         1604    .ARM.Collect$$libinit$$00000017  c_w.l(libinit2.o)
    0x0800020e   0x0800020e   0x00000000   Code   RO         1606    .ARM.Collect$$libinit$$00000019  c_w.l(libinit2.o)
    0x0800020e   0x0800020e   0x00000000   Code   RO         1608    .ARM.Collect$$libinit$$0000001B  c_w.l(libinit2.o)
    0x0800020e   0x0800020e   0x00000000   Code   RO         1610    .ARM.Collect$$libinit$$0000001D  c_w.l(libinit2.o)
    0x0800020e   0x0800020e   0x00000000   Code   RO         1612    .ARM.Collect$$libinit$$0000001F  c_w.l(libinit2.o)
    0x0800020e   0x0800020e   0x00000000   Code   RO         1614    .ARM.Collect$$libinit$$00000021  c_w.l(libinit2.o)
    0x0800020e   0x0800020e   0x00000000   Code   RO         1616    .ARM.Collect$$libinit$$00000023  c_w.l(libinit2.o)
    0x0800020e   0x0800020e   0x00000000   Code   RO         1618    .ARM.Collect$$libinit$$00000025  c_w.l(libinit2.o)
    0x0800020e   0x0800020e   0x00000000   Code   RO         1622    .ARM.Collect$$libinit$$0000002C  c_w.l(libinit2.o)
    0x0800020e   0x0800020e   0x00000000   Code   RO         1624    .ARM.Collect$$libinit$$0000002E  c_w.l(libinit2.o)
    0x0800020e   0x0800020e   0x00000000   Code   RO         1626    .ARM.Collect$$libinit$$00000030  c_w.l(libinit2.o)
    0x0800020e   0x0800020e   0x00000000   Code   RO         1628    .ARM.Collect$$libinit$$00000032  c_w.l(libinit2.o)
    0x0800020e   0x0800020e   0x00000002   Code   RO         1629    .ARM.Collect$$libinit$$00000033  c_w.l(libinit2.o)
    0x08000210   0x08000210   0x00000002   Code   RO         1649    .ARM.Collect$$libshutdown$$00000000  c_w.l(libshutdown.o)
    0x08000212   0x08000212   0x00000000   Code   RO         1662    .ARM.Collect$$libshutdown$$00000002  c_w.l(libshutdown2.o)
    0x08000212   0x08000212   0x00000000   Code   RO         1664    .ARM.Collect$$libshutdown$$00000004  c_w.l(libshutdown2.o)
    0x08000212   0x08000212   0x00000000   Code   RO         1667    .ARM.Collect$$libshutdown$$00000007  c_w.l(libshutdown2.o)
    0x08000212   0x08000212   0x00000000   Code   RO         1670    .ARM.Collect$$libshutdown$$0000000A  c_w.l(libshutdown2.o)
    0x08000212   0x08000212   0x00000000   Code   RO         1672    .ARM.Collect$$libshutdown$$0000000C  c_w.l(libshutdown2.o)
    0x08000212   0x08000212   0x00000000   Code   RO         1675    .ARM.Collect$$libshutdown$$0000000F  c_w.l(libshutdown2.o)
    0x08000212   0x08000212   0x00000002   Code   RO         1676    .ARM.Collect$$libshutdown$$00000010  c_w.l(libshutdown2.o)
    0x08000214   0x08000214   0x00000000   Code   RO         1378    .ARM.Collect$$rtentry$$00000000  c_w.l(__rtentry.o)
    0x08000214   0x08000214   0x00000000   Code   RO         1492    .ARM.Collect$$rtentry$$00000002  c_w.l(__rtentry2.o)
    0x08000214   0x08000214   0x00000006   Code   RO         1504    .ARM.Collect$$rtentry$$00000004  c_w.l(__rtentry4.o)
    0x0800021a   0x0800021a   0x00000000   Code   RO         1494    .ARM.Collect$$rtentry$$00000009  c_w.l(__rtentry2.o)
    0x0800021a   0x0800021a   0x00000004   Code   RO         1495    .ARM.Collect$$rtentry$$0000000A  c_w.l(__rtentry2.o)
    0x0800021e   0x0800021e   0x00000000   Code   RO         1497    .ARM.Collect$$rtentry$$0000000C  c_w.l(__rtentry2.o)
    0x0800021e   0x0800021e   0x00000008   Code   RO         1498    .ARM.Collect$$rtentry$$0000000D  c_w.l(__rtentry2.o)
    0x08000226   0x08000226   0x00000002   Code   RO         1578    .ARM.Collect$$rtexit$$00000000  c_w.l(rtexit.o)
    0x08000228   0x08000228   0x00000000   Code   RO         1631    .ARM.Collect$$rtexit$$00000002  c_w.l(rtexit2.o)
    0x08000228   0x08000228   0x00000004   Code   RO         1632    .ARM.Collect$$rtexit$$00000003  c_w.l(rtexit2.o)
    0x0800022c   0x0800022c   0x00000006   Code   RO         1633    .ARM.Collect$$rtexit$$00000004  c_w.l(rtexit2.o)
    0x08000232   0x08000232   0x00000002   PAD
    0x08000234   0x08000234   0x00000040   Code   RO            4  * .text               startup_stm32f10x_md.o
    0x08000274   0x08000274   0x00000034   Code   RO         1342    .text               c_w.l(vsnprintf.o)
    0x080002a8   0x080002a8   0x00000006   Code   RO         1344    .text               c_w.l(heapauxi.o)
    0x080002ae   0x080002ae   0x0000004e   Code   RO         1381    .text               c_w.l(_printf_pad.o)
    0x080002fc   0x080002fc   0x00000024   Code   RO         1383    .text               c_w.l(_printf_truncate.o)
    0x08000320   0x08000320   0x00000052   Code   RO         1385    .text               c_w.l(_printf_str.o)
    0x08000372   0x08000372   0x00000002   PAD
    0x08000374   0x08000374   0x00000078   Code   RO         1387    .text               c_w.l(_printf_dec.o)
    0x080003ec   0x080003ec   0x00000028   Code   RO         1389    .text               c_w.l(_printf_charcount.o)
    0x08000414   0x08000414   0x00000030   Code   RO         1391    .text               c_w.l(_printf_char_common.o)
    0x08000444   0x08000444   0x0000000a   Code   RO         1393    .text               c_w.l(_sputc.o)
    0x0800044e   0x0800044e   0x00000010   Code   RO         1395    .text               c_w.l(_snputc.o)
    0x0800045e   0x0800045e   0x00000002   PAD
    0x08000460   0x08000460   0x000000bc   Code   RO         1397    .text               c_w.l(_printf_wctomb.o)
    0x0800051c   0x0800051c   0x0000007c   Code   RO         1400    .text               c_w.l(_printf_longlong_dec.o)
    0x08000598   0x08000598   0x00000070   Code   RO         1406    .text               c_w.l(_printf_oct_int_ll.o)
    0x08000608   0x08000608   0x00000094   Code   RO         1426    .text               c_w.l(_printf_hex_int_ll_ptr.o)
    0x0800069c   0x0800069c   0x00000188   Code   RO         1446    .text               c_w.l(__printf_flags_ss_wp.o)
    0x08000824   0x08000824   0x0000008a   Code   RO         1506    .text               c_w.l(lludiv10.o)
    0x080008ae   0x080008ae   0x000000b2   Code   RO         1508    .text               c_w.l(_printf_intcommon.o)
    0x08000960   0x08000960   0x0000041e   Code   RO         1510    .text               c_w.l(_printf_fp_dec.o)
    0x08000d7e   0x08000d7e   0x00000002   PAD
    0x08000d80   0x08000d80   0x000002fc   Code   RO         1512    .text               c_w.l(_printf_fp_hex.o)
    0x0800107c   0x0800107c   0x0000002c   Code   RO         1517    .text               c_w.l(_printf_char.o)
    0x080010a8   0x080010a8   0x0000002c   Code   RO         1519    .text               c_w.l(_printf_wchar.o)
    0x080010d4   0x080010d4   0x00000040   Code   RO         1522    .text               c_w.l(_wcrtomb.o)
    0x08001114   0x08001114   0x0000004a   Code   RO         1524    .text               c_w.l(sys_stackheap_outer.o)
    0x0800115e   0x0800115e   0x00000002   PAD
    0x08001160   0x08001160   0x00000010   Code   RO         1526    .text               c_w.l(rt_ctype_table.o)
    0x08001170   0x08001170   0x00000008   Code   RO         1531    .text               c_w.l(rt_locale_intlibspace.o)
    0x08001178   0x08001178   0x00000080   Code   RO         1533    .text               c_w.l(_printf_fp_infnan.o)
    0x080011f8   0x080011f8   0x000000e4   Code   RO         1535    .text               c_w.l(bigflt0.o)
    0x080012dc   0x080012dc   0x00000012   Code   RO         1563    .text               c_w.l(exit.o)
    0x080012ee   0x080012ee   0x00000002   PAD
    0x080012f0   0x080012f0   0x00000008   Code   RO         1575    .text               c_w.l(libspace.o)
    0x080012f8   0x080012f8   0x00000080   Code   RO         1583    .text               c_w.l(strcmpv7m.o)
    0x08001378   0x08001378   0x0000000c   Code   RO         1641    .text               c_w.l(sys_exit.o)
    0x08001384   0x08001384   0x00000002   Code   RO         1652    .text               c_w.l(use_no_semi.o)
    0x08001386   0x08001386   0x00000000   Code   RO         1654    .text               c_w.l(indicate_semi.o)
    0x08001386   0x08001386   0x0000003e   Code   RO         1538    CL$$btod_d2e        c_w.l(btod.o)
    0x080013c4   0x080013c4   0x00000046   Code   RO         1540    CL$$btod_d2e_denorm_low  c_w.l(btod.o)
    0x0800140a   0x0800140a   0x00000060   Code   RO         1539    CL$$btod_d2e_norm_op1  c_w.l(btod.o)
    0x0800146a   0x0800146a   0x00000338   Code   RO         1548    CL$$btod_div_common  c_w.l(btod.o)
    0x080017a2   0x080017a2   0x000000dc   Code   RO         1545    CL$$btod_e2e        c_w.l(btod.o)
    0x0800187e   0x0800187e   0x0000002a   Code   RO         1542    CL$$btod_ediv       c_w.l(btod.o)
    0x080018a8   0x080018a8   0x0000002a   Code   RO         1541    CL$$btod_emul       c_w.l(btod.o)
    0x080018d2   0x080018d2   0x00000244   Code   RO         1547    CL$$btod_mult_common  c_w.l(btod.o)
    0x08001b16   0x08001b16   0x00000016   Code   RO          893    i.DMA_Cmd           stm32f10x_dma.o
    0x08001b2c   0x08001b2c   0x00000144   Code   RO          894    i.DMA_DeInit        stm32f10x_dma.o
    0x08001c70   0x08001c70   0x0000002c   Code   RO          896    i.DMA_GetFlagStatus  stm32f10x_dma.o
    0x08001c9c   0x08001c9c   0x0000003c   Code   RO          899    i.DMA_Init          stm32f10x_dma.o
    0x08001cd8   0x08001cd8   0x0000003c   Code   RO           68    i.Encoder           main.o
    0x08001d14   0x08001d14   0x00000116   Code   RO          584    i.GPIO_Init         stm32f10x_gpio.o
    0x08001e2a   0x08001e2a   0x00000012   Code   RO          588    i.GPIO_ReadInputDataBit  stm32f10x_gpio.o
    0x08001e3c   0x08001e3c   0x0000000a   Code   RO          595    i.GPIO_WriteBit     stm32f10x_gpio.o
    0x08001e46   0x08001e46   0x00000018   Code   RO          688    i.I2C_AcknowledgeConfig  stm32f10x_i2c.o
    0x08001e5e   0x08001e5e   0x0000002a   Code   RO          690    i.I2C_CheckEvent    stm32f10x_i2c.o
    0x08001e88   0x08001e88   0x00000018   Code   RO          693    i.I2C_Cmd           stm32f10x_i2c.o
    0x08001ea0   0x08001ea0   0x00000038   Code   RO          696    i.I2C_DeInit        stm32f10x_i2c.o
    0x08001ed8   0x08001ed8   0x00000018   Code   RO          700    i.I2C_GenerateSTART  stm32f10x_i2c.o
    0x08001ef0   0x08001ef0   0x00000018   Code   RO          701    i.I2C_GenerateSTOP  stm32f10x_i2c.o
    0x08001f08   0x08001f08   0x0000003a   Code   RO          702    i.I2C_GetFlagStatus  stm32f10x_i2c.o
    0x08001f42   0x08001f42   0x00000002   PAD
    0x08001f44   0x08001f44   0x000000ec   Code   RO          707    i.I2C_Init          stm32f10x_i2c.o
    0x08002030   0x08002030   0x00000008   Code   RO          712    i.I2C_ReceiveData   stm32f10x_i2c.o
    0x08002038   0x08002038   0x00000012   Code   RO          714    i.I2C_Send7bitAddress  stm32f10x_i2c.o
    0x0800204a   0x0800204a   0x00000004   Code   RO          715    i.I2C_SendData      stm32f10x_i2c.o
    0x0800204e   0x0800204e   0x00000002   PAD
    0x08002050   0x08002050   0x00000010   Code   RO         1125    i.IWDG_Enable       stm32f10x_iwdg.o
    0x08002060   0x08002060   0x00000010   Code   RO         1127    i.IWDG_ReloadCounter  stm32f10x_iwdg.o
    0x08002070   0x08002070   0x0000000c   Code   RO         1128    i.IWDG_SetPrescaler  stm32f10x_iwdg.o
    0x0800207c   0x0800207c   0x0000000c   Code   RO         1129    i.IWDG_SetReload    stm32f10x_iwdg.o
    0x08002088   0x08002088   0x0000000c   Code   RO         1130    i.IWDG_WriteAccessCmd  stm32f10x_iwdg.o
    0x08002094   0x08002094   0x000000f4   Code   RO           69    i.InitEncoder       main.o
    0x08002188   0x08002188   0x00000088   Code   RO          307    i.OW_Init           onewire.o
    0x08002210   0x08002210   0x00000024   Code   RO          309    i.OW_ReadBit        onewire.o
    0x08002234   0x08002234   0x00000088   Code   RO          310    i.OW_Reset          onewire.o
    0x080022bc   0x080022bc   0x00000160   Code   RO          311    i.OW_Search         onewire.o
    0x0800241c   0x0800241c   0x0000012c   Code   RO          312    i.OW_Send           onewire.o
    0x08002548   0x08002548   0x000000cc   Code   RO          313    i.OW_SendBits       onewire.o
    0x08002614   0x08002614   0x00000022   Code   RO          314    i.OW_toBits         onewire.o
    0x08002636   0x08002636   0x00000020   Code   RO          315    i.OW_toByte         onewire.o
    0x08002656   0x08002656   0x00000002   PAD
    0x08002658   0x08002658   0x00000020   Code   RO          380    i.RCC_AHBPeriphClockCmd  stm32f10x_rcc.o
    0x08002678   0x08002678   0x00000020   Code   RO          381    i.RCC_APB1PeriphClockCmd  stm32f10x_rcc.o
    0x08002698   0x08002698   0x00000020   Code   RO          382    i.RCC_APB1PeriphResetCmd  stm32f10x_rcc.o
    0x080026b8   0x080026b8   0x00000020   Code   RO          383    i.RCC_APB2PeriphClockCmd  stm32f10x_rcc.o
    0x080026d8   0x080026d8   0x000000d4   Code   RO          391    i.RCC_GetClocksFreq  stm32f10x_rcc.o
    0x080027ac   0x080027ac   0x0000003c   Code   RO          392    i.RCC_GetFlagStatus  stm32f10x_rcc.o
    0x080027e8   0x080027e8   0x0000000c   Code   RO          400    i.RCC_LSICmd        stm32f10x_rcc.o
    0x080027f4   0x080027f4   0x000001ac   Code   RO           70    i.Relay             main.o
    0x080029a0   0x080029a0   0x00000008   Code   RO           24    i.SetSysClock       system_stm32f10x.o
    0x080029a8   0x080029a8   0x000000e0   Code   RO           25    i.SetSysClockTo72   system_stm32f10x.o
    0x08002a88   0x08002a88   0x00000054   Code   RO           27    i.SystemInit        system_stm32f10x.o
    0x08002adc   0x08002adc   0x00000006   Code   RO          957    i.USART_ClearFlag   stm32f10x_usart.o
    0x08002ae2   0x08002ae2   0x00000018   Code   RO          961    i.USART_Cmd         stm32f10x_usart.o
    0x08002afa   0x08002afa   0x00000012   Code   RO          962    i.USART_DMACmd      stm32f10x_usart.o
    0x08002b0c   0x08002b0c   0x00000012   Code   RO          964    i.USART_GetFlagStatus  stm32f10x_usart.o
    0x08002b1e   0x08002b1e   0x00000018   Code   RO          966    i.USART_HalfDuplexCmd  stm32f10x_usart.o
    0x08002b36   0x08002b36   0x00000002   PAD
    0x08002b38   0x08002b38   0x0000009c   Code   RO          968    i.USART_Init        stm32f10x_usart.o
    0x08002bd4   0x08002bd4   0x0000000a   Code   RO          973    i.USART_ReceiveData  stm32f10x_usart.o
    0x08002bde   0x08002bde   0x00000008   Code   RO          976    i.USART_SendData    stm32f10x_usart.o
    0x08002be6   0x08002be6   0x00000028   Code   RO         1573    i.__ARM_fpclassify  m_ws.l(fpclassify.o)
    0x08002c0e   0x08002c0e   0x0000000e   Code   RO         1439    i._is_digit         c_w.l(__printf_wp.o)
    0x08002c1c   0x08002c1c   0x00000202   Code   RO         1179    i.cp1251_to_epson_convert  cp1251toepson.o
    0x08002e1e   0x08002e1e   0x00000018   Code   RO          173    i.delay_ms          delay.o
    0x08002e36   0x08002e36   0x0000001a   Code   RO          174    i.delay_us          delay.o
    0x08002e50   0x08002e50   0x00000038   Code   RO          265    i.ds18b20_crc8      ds18b20.o
    0x08002e88   0x08002e88   0x0000005c   Code   RO          266    i.ds18b20_get_temp  ds18b20.o
    0x08002ee4   0x08002ee4   0x00000054   Code   RO          267    i.ds18b20_init      ds18b20.o
    0x08002f38   0x08002f38   0x00000024   Code   RO          268    i.ds18b20_start_convert  ds18b20.o
    0x08002f5c   0x08002f5c   0x00000064   Code   RO          269    i.ds18b20_tconvert  ds18b20.o
    0x08002fc0   0x08002fc0   0x00000090   Code   RO          191    i.gpio_PortClockStart  gpio.o
    0x08003050   0x08003050   0x00000020   Code   RO          193    i.gpio_SetGPIOmode_Out  gpio.o
    0x08003070   0x08003070   0x00000044   Code   RO         1194    i.hd44780_backlight_set  hd44780.o
    0x080030b4   0x080030b4   0x00000010   Code   RO         1195    i.hd44780_bus_init  hd44780.o
    0x080030c4   0x080030c4   0x0000000a   Code   RO         1196    i.hd44780_clear     hd44780.o
    0x080030ce   0x080030ce   0x00000002   PAD
    0x080030d0   0x080030d0   0x00000030   Code   RO         1197    i.hd44780_goto_xy   hd44780.o
    0x08003100   0x08003100   0x00000012   Code   RO         1198    i.hd44780_init      hd44780.o
    0x08003112   0x08003112   0x00000002   PAD
    0x08003114   0x08003114   0x00000030   Code   RO         1199    i.hd44780_printf    hd44780.o
    0x08003144   0x08003144   0x00000064   Code   RO         1200    i.hd44780_puts      hd44780.o
    0x080031a8   0x080031a8   0x00000100   Code   RO         1201    i.hd44780_read      hd44780.o
    0x080032a8   0x080032a8   0x00000032   Code   RO         1202    i.hd44780_start     hd44780.o
    0x080032da   0x080032da   0x00000024   Code   RO         1203    i.hd44780_waitbisy  hd44780.o
    0x080032fe   0x080032fe   0x00000002   PAD
    0x08003300   0x08003300   0x00000118   Code   RO         1204    i.hd44780_write     hd44780.o
    0x08003418   0x08003418   0x00000014   Code   RO         1206    i.hd44780_write_cmd  hd44780.o
    0x0800342c   0x0800342c   0x00000014   Code   RO         1207    i.hd44780_write_data  hd44780.o
    0x08003440   0x08003440   0x00000084   Code   RO          222    i.i2cm_ReadBuffAndStop  i2cm.o
    0x080034c4   0x080034c4   0x00000094   Code   RO          223    i.i2cm_Start        i2cm.o
    0x08003558   0x08003558   0x00000030   Code   RO          224    i.i2cm_Stop         i2cm.o
    0x08003588   0x08003588   0x0000004c   Code   RO          225    i.i2cm_WriteBuff    i2cm.o
    0x080035d4   0x080035d4   0x000000a4   Code   RO          226    i.i2cm_init         i2cm.o
    0x08003678   0x08003678   0x00000034   Code   RO           71    i.iwdgInit          main.o
    0x080036ac   0x080036ac   0x000000dc   Code   RO           72    i.main              main.o
    0x08003788   0x08003788   0x00000014   Code   RO         1310    i.pcf8574_bus_init  pcf8574.o
    0x0800379c   0x0800379c   0x00000048   Code   RO         1311    i.pcf8574_read      pcf8574.o
    0x080037e4   0x080037e4   0x00000050   Code   RO         1313    i.pcf8574_write     pcf8574.o
    0x08003834   0x08003834   0x0000002c   Code   RO         1561    locale$$code        c_w.l(lc_numeric_c.o)
    0x08003860   0x08003860   0x0000002c   Code   RO         1581    locale$$code        c_w.l(lc_ctype_c.o)
    0x0800388c   0x0800388c   0x00000062   Code   RO         1348    x$fpl$d2f           fz_ws.l(d2f.o)
    0x080038ee   0x080038ee   0x00000002   PAD
    0x080038f0   0x080038f0   0x00000150   Code   RO         1350    x$fpl$dadd          fz_ws.l(daddsub_clz.o)
    0x08003a40   0x08003a40   0x000002b0   Code   RO         1357    x$fpl$ddiv          fz_ws.l(ddiv.o)
    0x08003cf0   0x08003cf0   0x00000026   Code   RO         1360    x$fpl$dfltu         fz_ws.l(dflt_clz.o)
    0x08003d16   0x08003d16   0x0000009c   Code   RO         1472    x$fpl$dnaninf       fz_ws.l(dnaninf.o)
    0x08003db2   0x08003db2   0x0000000c   Code   RO         1474    x$fpl$dretinf       fz_ws.l(dretinf.o)
    0x08003dbe   0x08003dbe   0x00000016   Code   RO         1351    x$fpl$drsb          fz_ws.l(daddsub_clz.o)
    0x08003dd4   0x08003dd4   0x000001d4   Code   RO         1352    x$fpl$dsub          fz_ws.l(daddsub_clz.o)
    0x08003fa8   0x08003fa8   0x00000056   Code   RO         1366    x$fpl$f2d           fz_ws.l(f2d.o)
    0x08003ffe   0x08003ffe   0x00000002   PAD
    0x08004000   0x08004000   0x000000c4   Code   RO         1368    x$fpl$fadd          fz_ws.l(faddsub_clz.o)
    0x080040c4   0x080040c4   0x00000018   Code   RO         1476    x$fpl$fcmpinf       fz_ws.l(fcmpi.o)
    0x080040dc   0x080040dc   0x00000068   Code   RO         1374    x$fpl$fleqf         fz_ws.l(fleqf.o)
    0x08004144   0x08004144   0x0000008c   Code   RO         1478    x$fpl$fnaninf       fz_ws.l(fnaninf.o)
    0x080041d0   0x080041d0   0x0000000a   Code   RO         1480    x$fpl$fretinf       fz_ws.l(fretinf.o)
    0x080041da   0x080041da   0x00000062   Code   RO         1376    x$fpl$frleqf        fz_ws.l(frleqf.o)
    0x0800423c   0x0800423c   0x000000ea   Code   RO         1370    x$fpl$fsub          fz_ws.l(faddsub_clz.o)
    0x08004326   0x08004326   0x00000004   Code   RO         1482    x$fpl$printf1       fz_ws.l(printf1.o)
    0x0800432a   0x0800432a   0x00000004   Code   RO         1484    x$fpl$printf2       fz_ws.l(printf2.o)
    0x0800432e   0x0800432e   0x00000000   Code   RO         1490    x$fpl$usenofp       fz_ws.l(usenofp.o)
    0x0800432e   0x0800432e   0x00000002   PAD
    0x08004330   0x08004330   0x00000008   Data   RO         1398    .constdata          c_w.l(_printf_wctomb.o)
    0x08004338   0x08004338   0x00000028   Data   RO         1427    .constdata          c_w.l(_printf_hex_int_ll_ptr.o)
    0x08004360   0x08004360   0x00000011   Data   RO         1447    .constdata          c_w.l(__printf_flags_ss_wp.o)
    0x08004371   0x08004371   0x00000026   Data   RO         1513    .constdata          c_w.l(_printf_fp_hex.o)
    0x08004397   0x08004397   0x00000001   PAD
    0x08004398   0x08004398   0x00000094   Data   RO         1536    .constdata          c_w.l(bigflt0.o)
    0x0800442c   0x0800442c   0x00000020   Data   RO         1707    Region$$Table       anon$$obj.o
    0x0800444c   0x0800444c   0x0000001c   Data   RO         1560    locale$$data        c_w.l(lc_numeric_c.o)
    0x08004468   0x08004468   0x00000110   Data   RO         1580    locale$$data        c_w.l(lc_ctype_c.o)


    Execution Region ER_RW (Exec base: 0x20000000, Load base: 0x08004578, Size: 0x00000040, Max: 0xffffffff, ABSOLUTE)

    Exec Addr    Load Addr    Size         Type   Attr      Idx    E Section Name        Object

    0x20000000   0x08004578   0x00000014   Data   RW           73    .data               main.o
    0x20000014   0x0800458c   0x00000001   Data   RW          271    .data               ds18b20.o
    0x20000015   0x0800458d   0x00000013   Data   RW          316    .data               onewire.o
    0x20000028   0x080045a0   0x00000014   Data   RW          411    .data               stm32f10x_rcc.o
    0x2000003c   0x080045b4   0x00000002   Data   RW         1209    .data               hd44780.o


    Execution Region ER_ZI (Exec base: 0x20000040, Load base: 0x080045b8, Size: 0x000006a8, Max: 0xffffffff, ABSOLUTE)

    Exec Addr    Load Addr    Size         Type   Attr      Idx    E Section Name        Object

    0x20000040        -       0x0000001b   Zero   RW          270    .bss                ds18b20.o
    0x2000005b        -       0x00000028   Zero   RW         1208    .bss                hd44780.o
    0x20000083   0x080045b8   0x00000001   PAD
    0x20000084        -       0x00000060   Zero   RW         1576    .bss                c_w.l(libspace.o)
    0x200000e4   0x080045b8   0x00000004   PAD
    0x200000e8        -       0x00000200   Zero   RW            2    HEAP                startup_stm32f10x_md.o
    0x200002e8        -       0x00000400   Zero   RW            1    STACK               startup_stm32f10x_md.o


==============================================================================

Image component sizes


      Code (inc. data)   RO Data    RW Data    ZI Data      Debug   Object Name

         0          0          0          0          0       4508   core_cm3.o
       514         88          0          0          0       1118   cp1251toepson.o
        50          0          0          0          0        994   delay.o
       368         22          0          1         27       3628   ds18b20.o
       176         28          0          0          0     202865   gpio.o
       970         44          0          2         40       9863   hd44780.o
       568         36          0          0          0     205369   i2cm.o
      1004        144          0         20          0     243020   main.o
      1230         64          0         19          0      23336   onewire.o
       172          6          0          0          0       2118   pcf8574.o
        64         26        236          0       1536        832   startup_stm32f10x_md.o
       450         26          0          0          0       3486   stm32f10x_dma.o
       306          0          0          0          0       3056   stm32f10x_gpio.o
       518         20          0          0          0       8381   stm32f10x_i2c.o
        68         30          0          0          0       2530   stm32f10x_iwdg.o
       412         54          0         20          0       6808   stm32f10x_rcc.o
       264          6          0          0          0       6259   stm32f10x_usart.o
       316         24          0          0          0     203285   system_stm32f10x.o

    ----------------------------------------------------------------------
      7464        618        268         64       1604     931456   Object Totals
         0          0         32          0          0          0   (incl. Generated)
        14          0          0          2          1          0   (incl. Padding)

    ----------------------------------------------------------------------

      Code (inc. data)   RO Data    RW Data    ZI Data      Debug   Library Member Name

         8          0          0          0          0         68   __main.o
       392          4         17          0          0         92   __printf_flags_ss_wp.o
        14          0          0          0          0         68   __printf_wp.o
         0          0          0          0          0          0   __rtentry.o
        12          0          0          0          0          0   __rtentry2.o
         6          0          0          0          0          0   __rtentry4.o
        52          8          0          0          0          0   __scatter.o
        26          0          0          0          0          0   __scatter_copy.o
        28          0          0          0          0          0   __scatter_zi.o
         6          0          0          0          0          0   _printf_a.o
         6          0          0          0          0          0   _printf_c.o
        44          0          0          0          0        108   _printf_char.o
        48          6          0          0          0         96   _printf_char_common.o
        40          0          0          0          0         68   _printf_charcount.o
         6          0          0          0          0          0   _printf_d.o
       120         16          0          0          0         92   _printf_dec.o
         6          0          0          0          0          0   _printf_e.o
         6          0          0          0          0          0   _printf_f.o
      1054          0          0          0          0        216   _printf_fp_dec.o
       764          8         38          0          0        100   _printf_fp_hex.o
       128         16          0          0          0         84   _printf_fp_infnan.o
         6          0          0          0          0          0   _printf_g.o
       148          4         40          0          0        160   _printf_hex_int_ll_ptr.o
         6          0          0          0          0          0   _printf_i.o
       178          0          0          0          0         88   _printf_intcommon.o
        10          0          0          0          0          0   _printf_l.o
         6          0          0          0          0          0   _printf_lc.o
        10          0          0          0          0          0   _printf_ll.o
         6          0          0          0          0          0   _printf_lld.o
         6          0          0          0          0          0   _printf_lli.o
         6          0          0          0          0          0   _printf_llo.o
         6          0          0          0          0          0   _printf_llu.o
         6          0          0          0          0          0   _printf_llx.o
       124         16          0          0          0         92   _printf_longlong_dec.o
         6          0          0          0          0          0   _printf_ls.o
         6          0          0          0          0          0   _printf_n.o
         6          0          0          0          0          0   _printf_o.o
       112         10          0          0          0        124   _printf_oct_int_ll.o
         6          0          0          0          0          0   _printf_p.o
        78          0          0          0          0        108   _printf_pad.o
         0          0          0          0          0          0   _printf_percent.o
         4          0          0          0          0          0   _printf_percent_end.o
         6          0          0          0          0          0   _printf_s.o
        82          0          0          0          0         80   _printf_str.o
        36          0          0          0          0         84   _printf_truncate.o
         6          0          0          0          0          0   _printf_u.o
        44          0          0          0          0        108   _printf_wchar.o
       188          6          8          0          0         92   _printf_wctomb.o
         6          0          0          0          0          0   _printf_x.o
        16          0          0          0          0         68   _snputc.o
        10          0          0          0          0         68   _sputc.o
        64          0          0          0          0         92   _wcrtomb.o
       228          4        148          0          0         96   bigflt0.o
      1936        128          0          0          0        672   btod.o
        18          0          0          0          0         80   exit.o
         6          0          0          0          0        152   heapauxi.o
         0          0          0          0          0          0   indicate_semi.o
        44         10        272          0          0         76   lc_ctype_c.o
        44         10         28          0          0         76   lc_numeric_c.o
         2          0          0          0          0          0   libinit.o
        30          0          0          0          0          0   libinit2.o
         2          0          0          0          0          0   libshutdown.o
         2          0          0          0          0          0   libshutdown2.o
         8          4          0          0         96         68   libspace.o
       138          0          0          0          0         80   lludiv10.o
        16          4          0          0          0         76   rt_ctype_table.o
         8          4          0          0          0         68   rt_locale_intlibspace.o
         2          0          0          0          0          0   rtexit.o
        10          0          0          0          0          0   rtexit2.o
       128          0          0          0          0         68   strcmpv7m.o
        12          4          0          0          0         68   sys_exit.o
        74          0          0          0          0         80   sys_stackheap_outer.o
         2          0          0          0          0         68   use_no_semi.o
        52          4          0          0          0         80   vsnprintf.o
        98          4          0          0          0         92   d2f.o
       826         16          0          0          0        348   daddsub_clz.o
       688        140          0          0          0        208   ddiv.o
        38          0          0          0          0         68   dflt_clz.o
       156          4          0          0          0         92   dnaninf.o
        12          0          0          0          0         68   dretinf.o
        86          4          0          0          0         84   f2d.o
       430          8          0          0          0        168   faddsub_clz.o
        24          0          0          0          0         68   fcmpi.o
       104          4          0          0          0         84   fleqf.o
       140          4          0          0          0         84   fnaninf.o
        10          0          0          0          0         68   fretinf.o
        98          0          0          0          0         68   frleqf.o
         4          0          0          0          0         68   printf1.o
         4          0          0          0          0         68   printf2.o
         0          0          0          0          0          0   usenofp.o
        40          0          0          0          0         68   fpclassify.o

    ----------------------------------------------------------------------
      9500        450        552          0        100       5668   Library Totals
        20          0          1          0          4          0   (incl. Padding)

    ----------------------------------------------------------------------

      Code (inc. data)   RO Data    RW Data    ZI Data      Debug   Library Name

      6722        266        551          0         96       3964   c_w.l
      2718        184          0          0          0       1636   fz_ws.l
        40          0          0          0          0         68   m_ws.l

    ----------------------------------------------------------------------
      9500        450        552          0        100       5668   Library Totals

    ----------------------------------------------------------------------

==============================================================================


      Code (inc. data)   RO Data    RW Data    ZI Data      Debug   

     16964       1068        820         64       1704     929736   Grand Totals
     16964       1068        820         64       1704     929736   ELF Image Totals
     16964       1068        820         64          0          0   ROM Totals

==============================================================================

    Total RO  Size (Code + RO Data)                17784 (  17.37kB)
    Total RW  Size (RW Data + ZI Data)              1768 (   1.73kB)
    Total ROM Size (Code + RO Data + RW Data)      17848 (  17.43kB)

==============================================================================

